============================================
  Checkstyle Automation - Defects4J Dataset
============================================

############################################
  START: Chart (1 - 26)
############################################
  [RUN] Chart_1_buggy ...
  [DONE] Chart_1_buggy -> 86077 errors found
  [RUN] Chart_2_buggy ...
  [DONE] Chart_2_buggy -> 86038 errors found
  [RUN] Chart_3_buggy ...
  [DONE] Chart_3_buggy -> 86014 errors found
  [RUN] Chart_4_buggy ...
  [DONE] Chart_4_buggy -> 84292 errors found
  [RUN] Chart_5_buggy ...
  [DONE] Chart_5_buggy -> 79090 errors found
  [RUN] Chart_6_buggy ...
  [DONE] Chart_6_buggy -> 77607 errors found
  [RUN] Chart_7_buggy ...
  [DONE] Chart_7_buggy -> 77672 errors found
  [RUN] Chart_8_buggy ...
  [DONE] Chart_8_buggy -> 77669 errors found
  [RUN] Chart_9_buggy ...
  [DONE] Chart_9_buggy -> 77661 errors found
  [RUN] Chart_10_buggy ...
  [DONE] Chart_10_buggy -> 77725 errors found
  [RUN] Chart_11_buggy ...
  [DONE] Chart_11_buggy -> 77728 errors found
  [RUN] Chart_12_buggy ...
  [DONE] Chart_12_buggy -> 77745 errors found
  [RUN] Chart_13_buggy ...
  [DONE] Chart_13_buggy -> 77681 errors found
  [RUN] Chart_14_buggy ...
  [DONE] Chart_14_buggy -> 77677 errors found
  [RUN] Chart_15_buggy ...
  [DONE] Chart_15_buggy -> 77308 errors found
  [RUN] Chart_16_buggy ...
  [DONE] Chart_16_buggy -> 77308 errors found
  [RUN] Chart_17_buggy ...
  [DONE] Chart_17_buggy -> 76818 errors found
  [RUN] Chart_18_buggy ...
  [DONE] Chart_18_buggy -> 76806 errors found
  [RUN] Chart_19_buggy ...
  [DONE] Chart_19_buggy -> 76391 errors found
  [RUN] Chart_20_buggy ...
  [DONE] Chart_20_buggy -> 73761 errors found
  [RUN] Chart_21_buggy ...
  [DONE] Chart_21_buggy -> 73595 errors found
  [RUN] Chart_22_buggy ...
  [DONE] Chart_22_buggy -> 73568 errors found
  [RUN] Chart_23_buggy ...
  [DONE] Chart_23_buggy -> 73296 errors found
  [RUN] Chart_24_buggy ...
  [DONE] Chart_24_buggy -> 73214 errors found
  [RUN] Chart_25_buggy ...
  [DONE] Chart_25_buggy -> 73082 errors found
  [RUN] Chart_26_buggy ...
  [DONE] Chart_26_buggy -> 71853 errors found

  --- Summary: Chart ---
  Processed  : 26
  Skipped    : 0
  Warnings   : 0
  Total errors: 2017676

############################################
  START: Closure (1 - 174)
############################################
  [RUN] Closure_1_buggy ...
  [DONE] Closure_1_buggy -> 8129 errors found
  [RUN] Closure_2_buggy ...
  [DONE] Closure_2_buggy -> 8139 errors found
  [RUN] Closure_3_buggy ...
  [DONE] Closure_3_buggy -> 8223 errors found
  [RUN] Closure_4_buggy ...
  [DONE] Closure_4_buggy -> 8223 errors found
  [RUN] Closure_5_buggy ...
  [DONE] Closure_5_buggy -> 8180 errors found
  [RUN] Closure_6_buggy ...
  [DONE] Closure_6_buggy -> 8186 errors found
  [RUN] Closure_7_buggy ...
  [DONE] Closure_7_buggy -> 8174 errors found
  [RUN] Closure_8_buggy ...
  [DONE] Closure_8_buggy -> 8144 errors found
  [RUN] Closure_9_buggy ...
  [DONE] Closure_9_buggy -> 8145 errors found
  [RUN] Closure_10_buggy ...
  [DONE] Closure_10_buggy -> 8156 errors found
  [RUN] Closure_11_buggy ...
  [DONE] Closure_11_buggy -> 8147 errors found
  [RUN] Closure_12_buggy ...
  [DONE] Closure_12_buggy -> 8121 errors found
  [RUN] Closure_13_buggy ...
  [DONE] Closure_13_buggy -> 8114 errors found
  [RUN] Closure_14_buggy ...
  [DONE] Closure_14_buggy -> 8093 errors found
  [RUN] Closure_15_buggy ...
  [DONE] Closure_15_buggy -> 8091 errors found
  [RUN] Closure_16_buggy ...
  [DONE] Closure_16_buggy -> 8094 errors found
  [RUN] Closure_17_buggy ...
  [DONE] Closure_17_buggy -> 8092 errors found
  [RUN] Closure_18_buggy ...
  [DONE] Closure_18_buggy -> 8092 errors found
  [RUN] Closure_19_buggy ...
  [DONE] Closure_19_buggy -> 8093 errors found
  [RUN] Closure_20_buggy ...
  [DONE] Closure_20_buggy -> 8084 errors found
  [RUN] Closure_21_buggy ...
  [DONE] Closure_21_buggy -> 8087 errors found
  [RUN] Closure_22_buggy ...
  [DONE] Closure_22_buggy -> 8095 errors found
  [RUN] Closure_23_buggy ...
  [DONE] Closure_23_buggy -> 8092 errors found
  [RUN] Closure_24_buggy ...
  [DONE] Closure_24_buggy -> 8073 errors found
  [RUN] Closure_25_buggy ...
  [DONE] Closure_25_buggy -> 8062 errors found
  [RUN] Closure_26_buggy ...
  [DONE] Closure_26_buggy -> 8062 errors found
  [RUN] Closure_27_buggy ...
  [DONE] Closure_27_buggy -> 8045 errors found
  [RUN] Closure_28_buggy ...
  [DONE] Closure_28_buggy -> 8046 errors found
  [RUN] Closure_29_buggy ...
  [DONE] Closure_29_buggy -> 8045 errors found
  [RUN] Closure_30_buggy ...
  [DONE] Closure_30_buggy -> 7982 errors found
  [RUN] Closure_31_buggy ...
  [DONE] Closure_31_buggy -> 7982 errors found
  [RUN] Closure_32_buggy ...
  [DONE] Closure_32_buggy -> 7981 errors found
  [RUN] Closure_33_buggy ...
  [DONE] Closure_33_buggy -> 7993 errors found
  [RUN] Closure_34_buggy ...
  [DONE] Closure_34_buggy -> 7986 errors found
  [RUN] Closure_35_buggy ...
  [DONE] Closure_35_buggy -> 7958 errors found
  [RUN] Closure_36_buggy ...
  [DONE] Closure_36_buggy -> 7957 errors found
  [RUN] Closure_37_buggy ...
  [DONE] Closure_37_buggy -> 7953 errors found
  [RUN] Closure_38_buggy ...
  [DONE] Closure_38_buggy -> 7940 errors found
  [RUN] Closure_39_buggy ...
  [DONE] Closure_39_buggy -> 7930 errors found
  [RUN] Closure_40_buggy ...
  [DONE] Closure_40_buggy -> 7930 errors found
  [RUN] Closure_41_buggy ...
  [DONE] Closure_41_buggy -> 7922 errors found
  [RUN] Closure_42_buggy ...
  [DONE] Closure_42_buggy -> 7923 errors found
  [RUN] Closure_43_buggy ...
  [DONE] Closure_43_buggy -> 7919 errors found
  [RUN] Closure_44_buggy ...
  [DONE] Closure_44_buggy -> 7821 errors found
  [RUN] Closure_45_buggy ...
  [DONE] Closure_45_buggy -> 7841 errors found
  [RUN] Closure_46_buggy ...
  [DONE] Closure_46_buggy -> 7882 errors found
  [RUN] Closure_47_buggy ...
  [DONE] Closure_47_buggy -> 7865 errors found
  [RUN] Closure_48_buggy ...
  [DONE] Closure_48_buggy -> 7834 errors found
  [RUN] Closure_49_buggy ...
  [DONE] Closure_49_buggy -> 14487 errors found
  [RUN] Closure_50_buggy ...
  [DONE] Closure_50_buggy -> 14459 errors found
  [RUN] Closure_51_buggy ...
  [DONE] Closure_51_buggy -> 14450 errors found
  [RUN] Closure_52_buggy ...
  [DONE] Closure_52_buggy -> 14437 errors found
  [RUN] Closure_53_buggy ...
  [DONE] Closure_53_buggy -> 14435 errors found
  [RUN] Closure_54_buggy ...
  [DONE] Closure_54_buggy -> 14380 errors found
  [RUN] Closure_55_buggy ...
  [DONE] Closure_55_buggy -> 14369 errors found
  [RUN] Closure_56_buggy ...
  [DONE] Closure_56_buggy -> 14364 errors found
  [RUN] Closure_57_buggy ...
  [DONE] Closure_57_buggy -> 14357 errors found
  [RUN] Closure_58_buggy ...
  [DONE] Closure_58_buggy -> 14353 errors found
  [RUN] Closure_59_buggy ...
  [DONE] Closure_59_buggy -> 14302 errors found
  [RUN] Closure_60_buggy ...
  [DONE] Closure_60_buggy -> 14262 errors found
  [RUN] Closure_61_buggy ...
  [DONE] Closure_61_buggy -> 14264 errors found
  [RUN] Closure_62_buggy ...
  [DONE] Closure_62_buggy -> 14264 errors found
  [WARNING] Project folder not found: Closure_63_buggy
  [RUN] Closure_64_buggy ...
  [DONE] Closure_64_buggy -> 14232 errors found
  [RUN] Closure_65_buggy ...
  [DONE] Closure_65_buggy -> 14241 errors found
  [RUN] Closure_66_buggy ...
  [DONE] Closure_66_buggy -> 14240 errors found
  [RUN] Closure_67_buggy ...
  [DONE] Closure_67_buggy -> 14240 errors found
  [RUN] Closure_68_buggy ...
  [DONE] Closure_68_buggy -> 14241 errors found
  [RUN] Closure_69_buggy ...
  [DONE] Closure_69_buggy -> 14239 errors found
  [RUN] Closure_70_buggy ...
  [DONE] Closure_70_buggy -> 14217 errors found
  [RUN] Closure_71_buggy ...
  [DONE] Closure_71_buggy -> 14089 errors found
  [RUN] Closure_72_buggy ...
  [DONE] Closure_72_buggy -> 14050 errors found
  [RUN] Closure_73_buggy ...
  [DONE] Closure_73_buggy -> 13959 errors found
  [RUN] Closure_74_buggy ...
  [DONE] Closure_74_buggy -> 13940 errors found
  [RUN] Closure_75_buggy ...
  [DONE] Closure_75_buggy -> 13932 errors found
  [RUN] Closure_76_buggy ...
  [DONE] Closure_76_buggy -> 13828 errors found
  [RUN] Closure_77_buggy ...
  [DONE] Closure_77_buggy -> 13805 errors found
  [RUN] Closure_78_buggy ...
  [DONE] Closure_78_buggy -> 13805 errors found
  [RUN] Closure_79_buggy ...
  [DONE] Closure_79_buggy -> 13808 errors found
  [RUN] Closure_80_buggy ...
  [DONE] Closure_80_buggy -> 13799 errors found
  [RUN] Closure_81_buggy ...
  [DONE] Closure_81_buggy -> 13767 errors found
  [RUN] Closure_82_buggy ...
  [DONE] Closure_82_buggy -> 13666 errors found
  [RUN] Closure_83_buggy ...
  [DONE] Closure_83_buggy -> 13606 errors found
  [RUN] Closure_84_buggy ...
  [DONE] Closure_84_buggy -> 13578 errors found
  [RUN] Closure_85_buggy ...
  [DONE] Closure_85_buggy -> 13572 errors found
  [RUN] Closure_86_buggy ...
  [DONE] Closure_86_buggy -> 13574 errors found
  [RUN] Closure_87_buggy ...
  [DONE] Closure_87_buggy -> 13585 errors found
  [RUN] Closure_88_buggy ...
  [DONE] Closure_88_buggy -> 13579 errors found
  [RUN] Closure_89_buggy ...
  [DONE] Closure_89_buggy -> 13528 errors found
  [RUN] Closure_90_buggy ...
  [DONE] Closure_90_buggy -> 13507 errors found
  [RUN] Closure_91_buggy ...
  [DONE] Closure_91_buggy -> 13498 errors found
  [RUN] Closure_92_buggy ...
  [DONE] Closure_92_buggy -> 13485 errors found
  [WARNING] Project folder not found: Closure_93_buggy
  [RUN] Closure_94_buggy ...
  [DONE] Closure_94_buggy -> 13463 errors found
  [RUN] Closure_95_buggy ...
  [DONE] Closure_95_buggy -> 13293 errors found
  [RUN] Closure_96_buggy ...
  [DONE] Closure_96_buggy -> 13268 errors found
  [RUN] Closure_97_buggy ...
  [DONE] Closure_97_buggy -> 12891 errors found
  [RUN] Closure_98_buggy ...
  [DONE] Closure_98_buggy -> 12784 errors found
  [RUN] Closure_99_buggy ...
  [DONE] Closure_99_buggy -> 12785 errors found
  [RUN] Closure_100_buggy ...
  [DONE] Closure_100_buggy -> 12733 errors found
  [RUN] Closure_101_buggy ...
  [DONE] Closure_101_buggy -> 13135 errors found
  [RUN] Closure_102_buggy ...
  [DONE] Closure_102_buggy -> 13039 errors found
  [RUN] Closure_103_buggy ...
  [DONE] Closure_103_buggy -> 13039 errors found
  [RUN] Closure_104_buggy ...
  [DONE] Closure_104_buggy -> 13038 errors found
  [RUN] Closure_105_buggy ...
  [DONE] Closure_105_buggy -> 12945 errors found
  [RUN] Closure_106_buggy ...
  [DONE] Closure_106_buggy -> 12634 errors found
  [RUN] Closure_107_buggy ...
  [DONE] Closure_107_buggy -> 10185 errors found
  [RUN] Closure_108_buggy ...
  [DONE] Closure_108_buggy -> 10185 errors found
  [RUN] Closure_109_buggy ...
  [DONE] Closure_109_buggy -> 10153 errors found
  [RUN] Closure_110_buggy ...
  [DONE] Closure_110_buggy -> 10078 errors found
  [RUN] Closure_111_buggy ...
  [DONE] Closure_111_buggy -> 7869 errors found
  [RUN] Closure_112_buggy ...
  [DONE] Closure_112_buggy -> 7850 errors found
  [RUN] Closure_113_buggy ...
  [DONE] Closure_113_buggy -> 7850 errors found
  [RUN] Closure_114_buggy ...
  [DONE] Closure_114_buggy -> 7850 errors found
  [RUN] Closure_115_buggy ...
  [DONE] Closure_115_buggy -> 7846 errors found
  [RUN] Closure_116_buggy ...
  [DONE] Closure_116_buggy -> 7846 errors found
  [RUN] Closure_117_buggy ...
  [DONE] Closure_117_buggy -> 7835 errors found
  [RUN] Closure_118_buggy ...
  [DONE] Closure_118_buggy -> 7839 errors found
  [RUN] Closure_119_buggy ...
  [DONE] Closure_119_buggy -> 7839 errors found
  [RUN] Closure_120_buggy ...
  [DONE] Closure_120_buggy -> 7841 errors found
  [RUN] Closure_121_buggy ...
  [DONE] Closure_121_buggy -> 7844 errors found
  [RUN] Closure_122_buggy ...
  [DONE] Closure_122_buggy -> 7837 errors found
  [RUN] Closure_123_buggy ...
  [DONE] Closure_123_buggy -> 7819 errors found
  [RUN] Closure_124_buggy ...
  [DONE] Closure_124_buggy -> 7822 errors found
  [RUN] Closure_125_buggy ...
  [DONE] Closure_125_buggy -> 7774 errors found
  [RUN] Closure_126_buggy ...
  [DONE] Closure_126_buggy -> 7700 errors found
  [RUN] Closure_127_buggy ...
  [DONE] Closure_127_buggy -> 7699 errors found
  [RUN] Closure_128_buggy ...
  [DONE] Closure_128_buggy -> 7959 errors found
  [RUN] Closure_129_buggy ...
  [DONE] Closure_129_buggy -> 7959 errors found
  [RUN] Closure_130_buggy ...
  [DONE] Closure_130_buggy -> 8224 errors found
  [RUN] Closure_131_buggy ...
  [DONE] Closure_131_buggy -> 8222 errors found
  [RUN] Closure_132_buggy ...
  [DONE] Closure_132_buggy -> 8211 errors found
  [RUN] Closure_133_buggy ...
  [DONE] Closure_133_buggy -> 8212 errors found
  [RUN] Closure_134_buggy ...
  [DONE] Closure_134_buggy -> 12889 errors found
  [RUN] Closure_135_buggy ...
  [DONE] Closure_135_buggy -> 12935 errors found
  [RUN] Closure_136_buggy ...
  [DONE] Closure_136_buggy -> 13139 errors found
  [RUN] Closure_137_buggy ...
  [DONE] Closure_137_buggy -> 13158 errors found
  [RUN] Closure_138_buggy ...
  [DONE] Closure_138_buggy -> 13149 errors found
  [RUN] Closure_139_buggy ...
  [DONE] Closure_139_buggy -> 13147 errors found
  [RUN] Closure_140_buggy ...
  [DONE] Closure_140_buggy -> 13134 errors found
  [RUN] Closure_141_buggy ...
  [DONE] Closure_141_buggy -> 13158 errors found
  [RUN] Closure_142_buggy ...
  [DONE] Closure_142_buggy -> 13172 errors found
  [RUN] Closure_143_buggy ...
  [DONE] Closure_143_buggy -> 13161 errors found
  [RUN] Closure_144_buggy ...
  [DONE] Closure_144_buggy -> 12753 errors found
  [RUN] Closure_145_buggy ...
  [DONE] Closure_145_buggy -> 12766 errors found
  [RUN] Closure_146_buggy ...
  [DONE] Closure_146_buggy -> 12762 errors found
  [RUN] Closure_147_buggy ...
  [DONE] Closure_147_buggy -> 12853 errors found
  [RUN] Closure_148_buggy ...
  [DONE] Closure_148_buggy -> 12910 errors found
  [RUN] Closure_149_buggy ...
  [DONE] Closure_149_buggy -> 13035 errors found
  [RUN] Closure_150_buggy ...
  [DONE] Closure_150_buggy -> 13292 errors found
  [RUN] Closure_151_buggy ...
  [DONE] Closure_151_buggy -> 13300 errors found
  [RUN] Closure_152_buggy ...
  [DONE] Closure_152_buggy -> 13506 errors found
  [RUN] Closure_153_buggy ...
  [DONE] Closure_153_buggy -> 13566 errors found
  [RUN] Closure_154_buggy ...
  [DONE] Closure_154_buggy -> 13797 errors found
  [RUN] Closure_155_buggy ...
  [DONE] Closure_155_buggy -> 13888 errors found
  [RUN] Closure_156_buggy ...
  [DONE] Closure_156_buggy -> 13912 errors found
  [RUN] Closure_157_buggy ...
  [DONE] Closure_157_buggy -> 13936 errors found
  [RUN] Closure_158_buggy ...
  [DONE] Closure_158_buggy -> 13944 errors found
  [RUN] Closure_159_buggy ...
  [DONE] Closure_159_buggy -> 13955 errors found
  [RUN] Closure_160_buggy ...
  [DONE] Closure_160_buggy -> 14226 errors found
  [RUN] Closure_161_buggy ...
  [DONE] Closure_161_buggy -> 14283 errors found
  [RUN] Closure_162_buggy ...
  [DONE] Closure_162_buggy -> 14384 errors found
  [RUN] Closure_163_buggy ...
  [DONE] Closure_163_buggy -> 7816 errors found
  [RUN] Closure_164_buggy ...
  [DONE] Closure_164_buggy -> 7932 errors found
  [RUN] Closure_165_buggy ...
  [DONE] Closure_165_buggy -> 8068 errors found
  [RUN] Closure_166_buggy ...
  [DONE] Closure_166_buggy -> 8112 errors found
  [RUN] Closure_167_buggy ...
  [DONE] Closure_167_buggy -> 8115 errors found
  [RUN] Closure_168_buggy ...
  [DONE] Closure_168_buggy -> 8130 errors found
  [RUN] Closure_169_buggy ...
  [DONE] Closure_169_buggy -> 8182 errors found
  [RUN] Closure_170_buggy ...
  [DONE] Closure_170_buggy -> 7732 errors found
  [RUN] Closure_171_buggy ...
  [DONE] Closure_171_buggy -> 7806 errors found
  [RUN] Closure_172_buggy ...
  [DONE] Closure_172_buggy -> 7838 errors found
  [RUN] Closure_173_buggy ...
  [DONE] Closure_173_buggy -> 7841 errors found
  [RUN] Closure_174_buggy ...
  [DONE] Closure_174_buggy -> 7849 errors found

  --- Summary: Closure ---
  Processed  : 172
  Skipped    : 0
  Warnings   : 2
  Total errors: 1863645

############################################
  START: Lang (1 - 61)
############################################
  [RUN] Lang_1_buggy ...
  [DONE] Lang_1_buggy -> 23919 errors found
  [WARNING] Project folder not found: Lang_2_buggy
  [RUN] Lang_3_buggy ...
  [DONE] Lang_3_buggy -> 23835 errors found
  [RUN] Lang_4_buggy ...
  [DONE] Lang_4_buggy -> 23838 errors found
  [RUN] Lang_5_buggy ...
  [DONE] Lang_5_buggy -> 23444 errors found
  [RUN] Lang_6_buggy ...
  [DONE] Lang_6_buggy -> 23373 errors found
  [RUN] Lang_7_buggy ...
  [DONE] Lang_7_buggy -> 23380 errors found
  [RUN] Lang_8_buggy ...
  [DONE] Lang_8_buggy -> 22116 errors found
  [RUN] Lang_9_buggy ...
  [DONE] Lang_9_buggy -> 22203 errors found
  [RUN] Lang_10_buggy ...
  [DONE] Lang_10_buggy -> 22219 errors found
  [RUN] Lang_11_buggy ...
  [DONE] Lang_11_buggy -> 22015 errors found
  [RUN] Lang_12_buggy ...
  [DONE] Lang_12_buggy -> 22008 errors found
  [RUN] Lang_13_buggy ...
  [DONE] Lang_13_buggy -> 22096 errors found
  [RUN] Lang_14_buggy ...
  [DONE] Lang_14_buggy -> 21258 errors found
  [RUN] Lang_15_buggy ...
  [DONE] Lang_15_buggy -> 21150 errors found
  [RUN] Lang_16_buggy ...
  [DONE] Lang_16_buggy -> 21541 errors found
  [RUN] Lang_17_buggy ...
  [DONE] Lang_17_buggy -> 20570 errors found
  [WARNING] Project folder not found: Lang_18_buggy
  [RUN] Lang_19_buggy ...
  [DONE] Lang_19_buggy -> 20540 errors found
  [RUN] Lang_20_buggy ...
  [DONE] Lang_20_buggy -> 20534 errors found
  [RUN] Lang_21_buggy ...
  [DONE] Lang_21_buggy -> 20854 errors found
  [RUN] Lang_22_buggy ...
  [DONE] Lang_22_buggy -> 20853 errors found
  [RUN] Lang_23_buggy ...
  [DONE] Lang_23_buggy -> 20787 errors found
  [RUN] Lang_24_buggy ...
  [DONE] Lang_24_buggy -> 20754 errors found
  [WARNING] Project folder not found: Lang_25_buggy
  [RUN] Lang_26_buggy ...
  [DONE] Lang_26_buggy -> 20476 errors found
  [RUN] Lang_27_buggy ...
  [DONE] Lang_27_buggy -> 20400 errors found
  [RUN] Lang_28_buggy ...
  [DONE] Lang_28_buggy -> 19803 errors found
  [RUN] Lang_29_buggy ...
  [DONE] Lang_29_buggy -> 19789 errors found
  [RUN] Lang_30_buggy ...
  [DONE] Lang_30_buggy -> 19573 errors found
  [RUN] Lang_31_buggy ...
  [DONE] Lang_31_buggy -> 19560 errors found
  [RUN] Lang_32_buggy ...
  [DONE] Lang_32_buggy -> 19164 errors found
  [RUN] Lang_33_buggy ...
  [DONE] Lang_33_buggy -> 19165 errors found
  [RUN] Lang_34_buggy ...
  [DONE] Lang_34_buggy -> 19171 errors found
  [RUN] Lang_35_buggy ...
  [DONE] Lang_35_buggy -> 18913 errors found
  [RUN] Lang_36_buggy ...
  [DONE] Lang_36_buggy -> 18942 errors found
  [RUN] Lang_37_buggy ...
  [DONE] Lang_37_buggy -> 18916 errors found
  [RUN] Lang_38_buggy ...
  [DONE] Lang_38_buggy -> 18903 errors found
  [RUN] Lang_39_buggy ...
  [DONE] Lang_39_buggy -> 18825 errors found
  [RUN] Lang_40_buggy ...
  [DONE] Lang_40_buggy -> 19139 errors found
  [RUN] Lang_41_buggy ...
  [DONE] Lang_41_buggy -> 19040 errors found
  [RUN] Lang_42_buggy ...
  [DONE] Lang_42_buggy -> 21070 errors found
  [RUN] Lang_43_buggy ...
  [DONE] Lang_43_buggy -> 21087 errors found
  [RUN] Lang_44_buggy ...
  [DONE] Lang_44_buggy -> 21082 errors found
  [RUN] Lang_45_buggy ...
  [DONE] Lang_45_buggy -> 21035 errors found
  [RUN] Lang_46_buggy ...
  [DONE] Lang_46_buggy -> 20260 errors found
  [RUN] Lang_47_buggy ...
  [DONE] Lang_47_buggy -> 20742 errors found
  [WARNING] Project folder not found: Lang_48_buggy
  [RUN] Lang_49_buggy ...
  [DONE] Lang_49_buggy -> 20124 errors found
  [RUN] Lang_50_buggy ...
  [DONE] Lang_50_buggy -> 19926 errors found
  [RUN] Lang_51_buggy ...
  [DONE] Lang_51_buggy -> 19177 errors found
  [RUN] Lang_52_buggy ...
  [DONE] Lang_52_buggy -> 19173 errors found
  [RUN] Lang_53_buggy ...
  [DONE] Lang_53_buggy -> 19117 errors found
  [RUN] Lang_54_buggy ...
  [DONE] Lang_54_buggy -> 19045 errors found
  [RUN] Lang_55_buggy ...
  [DONE] Lang_55_buggy -> 19041 errors found
  [RUN] Lang_56_buggy ...
  [DONE] Lang_56_buggy -> 19141 errors found
  [RUN] Lang_57_buggy ...
  [DONE] Lang_57_buggy -> 19139 errors found
  [RUN] Lang_58_buggy ...
  [DONE] Lang_58_buggy -> 19135 errors found
  [RUN] Lang_59_buggy ...
  [DONE] Lang_59_buggy -> 19116 errors found
  [RUN] Lang_60_buggy ...
  [DONE] Lang_60_buggy -> 19045 errors found
  [RUN] Lang_61_buggy ...
  [DONE] Lang_61_buggy -> 19045 errors found

  --- Summary: Lang ---
  Processed  : 57
  Skipped    : 0
  Warnings   : 4
  Total errors: 1168566

############################################
  START: Math (1 - 106)
############################################
  [RUN] Math_1_buggy ...
  [DONE] Math_1_buggy -> 80321 errors found
  [RUN] Math_2_buggy ...
  [DONE] Math_2_buggy -> 79821 errors found
  [RUN] Math_3_buggy ...
  [DONE] Math_3_buggy -> 78835 errors found
  [RUN] Math_4_buggy ...
  [DONE] Math_4_buggy -> 78614 errors found
  [RUN] Math_5_buggy ...
  [DONE] Math_5_buggy -> 77250 errors found
  [RUN] Math_6_buggy ...
  [DONE] Math_6_buggy -> 77027 errors found
  [RUN] Math_7_buggy ...
  [DONE] Math_7_buggy -> 76738 errors found
  [RUN] Math_8_buggy ...
  [DONE] Math_8_buggy -> 75982 errors found
  [RUN] Math_9_buggy ...
  [DONE] Math_9_buggy -> 75714 errors found
  [RUN] Math_10_buggy ...
  [DONE] Math_10_buggy -> 74019 errors found
  [RUN] Math_11_buggy ...
  [DONE] Math_11_buggy -> 73627 errors found
  [RUN] Math_12_buggy ...
  [DONE] Math_12_buggy -> 73626 errors found
  [RUN] Math_13_buggy ...
  [DONE] Math_13_buggy -> 73618 errors found
  [RUN] Math_14_buggy ...
  [DONE] Math_14_buggy -> 73615 errors found
  [RUN] Math_15_buggy ...
  [DONE] Math_15_buggy -> 66329 errors found
  [RUN] Math_16_buggy ...
  [DONE] Math_16_buggy -> 66305 errors found
  [RUN] Math_17_buggy ...
  [DONE] Math_17_buggy -> 65121 errors found
  [RUN] Math_18_buggy ...
  [DONE] Math_18_buggy -> 64943 errors found
  [RUN] Math_19_buggy ...
  [DONE] Math_19_buggy -> 64857 errors found
  [RUN] Math_20_buggy ...
  [DONE] Math_20_buggy -> 64856 errors found
  [RUN] Math_21_buggy ...
  [DONE] Math_21_buggy -> 64339 errors found
  [RUN] Math_22_buggy ...
  [DONE] Math_22_buggy -> 64352 errors found
  [RUN] Math_23_buggy ...
  [DONE] Math_23_buggy -> 64272 errors found
  [RUN] Math_24_buggy ...
  [DONE] Math_24_buggy -> 64158 errors found
  [RUN] Math_25_buggy ...
  [DONE] Math_25_buggy -> 63399 errors found
  [RUN] Math_26_buggy ...
  [DONE] Math_26_buggy -> 61772 errors found
  [RUN] Math_27_buggy ...
  [DONE] Math_27_buggy -> 61772 errors found
  [RUN] Math_28_buggy ...
  [DONE] Math_28_buggy -> 61770 errors found
  [RUN] Math_29_buggy ...
  [DONE] Math_29_buggy -> 60745 errors found
  [RUN] Math_30_buggy ...
  [DONE] Math_30_buggy -> 60743 errors found
  [RUN] Math_31_buggy ...
  [DONE] Math_31_buggy -> 60522 errors found
  [RUN] Math_32_buggy ...
  [DONE] Math_32_buggy -> 60490 errors found
  [RUN] Math_33_buggy ...
  [DONE] Math_33_buggy -> 59847 errors found
  [RUN] Math_34_buggy ...
  [DONE] Math_34_buggy -> 59816 errors found
  [RUN] Math_35_buggy ...
  [DONE] Math_35_buggy -> 59780 errors found
  [RUN] Math_36_buggy ...
  [DONE] Math_36_buggy -> 60193 errors found
  [RUN] Math_37_buggy ...
  [DONE] Math_37_buggy -> 60480 errors found
  [RUN] Math_38_buggy ...
  [DONE] Math_38_buggy -> 60109 errors found
  [RUN] Math_39_buggy ...
  [DONE] Math_39_buggy -> 60098 errors found
  [RUN] Math_40_buggy ...
  [DONE] Math_40_buggy -> 60205 errors found
  [RUN] Math_41_buggy ...
  [DONE] Math_41_buggy -> 60415 errors found
  [RUN] Math_42_buggy ...
  [DONE] Math_42_buggy -> 60417 errors found
  [RUN] Math_43_buggy ...
  [DONE] Math_43_buggy -> 60056 errors found
  [RUN] Math_44_buggy ...
  [DONE] Math_44_buggy -> 59721 errors found
  [RUN] Math_45_buggy ...
  [DONE] Math_45_buggy -> 59158 errors found
  [RUN] Math_46_buggy ...
  [DONE] Math_46_buggy -> 57495 errors found
  [RUN] Math_47_buggy ...
  [DONE] Math_47_buggy -> 57494 errors found
  [RUN] Math_48_buggy ...
  [DONE] Math_48_buggy -> 57540 errors found
  [RUN] Math_49_buggy ...
  [DONE] Math_49_buggy -> 58072 errors found
  [RUN] Math_50_buggy ...
  [DONE] Math_50_buggy -> 58083 errors found
  [RUN] Math_51_buggy ...
  [DONE] Math_51_buggy -> 57961 errors found
  [RUN] Math_52_buggy ...
  [DONE] Math_52_buggy -> 55645 errors found
  [RUN] Math_53_buggy ...
  [DONE] Math_53_buggy -> 53696 errors found
  [RUN] Math_54_buggy ...
  [DONE] Math_54_buggy -> 48771 errors found
  [RUN] Math_55_buggy ...
  [DONE] Math_55_buggy -> 48388 errors found
  [RUN] Math_56_buggy ...
  [DONE] Math_56_buggy -> 48392 errors found
  [RUN] Math_57_buggy ...
  [DONE] Math_57_buggy -> 48387 errors found
  [RUN] Math_58_buggy ...
  [DONE] Math_58_buggy -> 48184 errors found
  [RUN] Math_59_buggy ...
  [DONE] Math_59_buggy -> 47304 errors found
  [RUN] Math_60_buggy ...
  [DONE] Math_60_buggy -> 46751 errors found
  [RUN] Math_61_buggy ...
  [DONE] Math_61_buggy -> 49246 errors found
  [RUN] Math_62_buggy ...
  [DONE] Math_62_buggy -> 49211 errors found
  [RUN] Math_63_buggy ...
  [DONE] Math_63_buggy -> 45531 errors found
  [RUN] Math_64_buggy ...
  [DONE] Math_64_buggy -> 43298 errors found
  [RUN] Math_65_buggy ...
  [DONE] Math_65_buggy -> 43195 errors found
  [RUN] Math_66_buggy ...
  [DONE] Math_66_buggy -> 42931 errors found
  [RUN] Math_67_buggy ...
  [DONE] Math_67_buggy -> 42521 errors found
  [RUN] Math_68_buggy ...
  [DONE] Math_68_buggy -> 42127 errors found
  [RUN] Math_69_buggy ...
  [DONE] Math_69_buggy -> 42126 errors found
  [RUN] Math_70_buggy ...
  [DONE] Math_70_buggy -> 42120 errors found
  [RUN] Math_71_buggy ...
  [DONE] Math_71_buggy -> 37320 errors found
  [RUN] Math_72_buggy ...
  [DONE] Math_72_buggy -> 35847 errors found
  [RUN] Math_73_buggy ...
  [DONE] Math_73_buggy -> 35844 errors found
  [RUN] Math_74_buggy ...
  [DONE] Math_74_buggy -> 36576 errors found
  [RUN] Math_75_buggy ...
  [DONE] Math_75_buggy -> 36565 errors found
  [RUN] Math_76_buggy ...
  [DONE] Math_76_buggy -> 36559 errors found
  [RUN] Math_77_buggy ...
  [DONE] Math_77_buggy -> 36505 errors found
  [RUN] Math_78_buggy ...
  [DONE] Math_78_buggy -> 36201 errors found
  [RUN] Math_79_buggy ...
  [DONE] Math_79_buggy -> 36162 errors found
  [RUN] Math_80_buggy ...
  [DONE] Math_80_buggy -> 36097 errors found
  [RUN] Math_81_buggy ...
  [DONE] Math_81_buggy -> 36096 errors found
  [RUN] Math_82_buggy ...
  [DONE] Math_82_buggy -> 36438 errors found
  [RUN] Math_83_buggy ...
  [DONE] Math_83_buggy -> 36437 errors found
  [RUN] Math_84_buggy ...
  [DONE] Math_84_buggy -> 36414 errors found
  [RUN] Math_85_buggy ...
  [DONE] Math_85_buggy -> 36054 errors found
  [RUN] Math_86_buggy ...
  [DONE] Math_86_buggy -> 34101 errors found
  [RUN] Math_87_buggy ...
  [DONE] Math_87_buggy -> 34103 errors found
  [RUN] Math_88_buggy ...
  [DONE] Math_88_buggy -> 34081 errors found
  [RUN] Math_89_buggy ...
  [DONE] Math_89_buggy -> 29796 errors found
  [RUN] Math_90_buggy ...
  [DONE] Math_90_buggy -> 29792 errors found
  [RUN] Math_91_buggy ...
  [DONE] Math_91_buggy -> 28740 errors found
  [RUN] Math_92_buggy ...
  [DONE] Math_92_buggy -> 24169 errors found
  [RUN] Math_93_buggy ...
  [DONE] Math_93_buggy -> 24064 errors found
  [RUN] Math_94_buggy ...
  [DONE] Math_94_buggy -> 23921 errors found
  [RUN] Math_95_buggy ...
  [DONE] Math_95_buggy -> 19116 errors found
  [RUN] Math_96_buggy ...
  [DONE] Math_96_buggy -> 18662 errors found
  [RUN] Math_97_buggy ...
  [DONE] Math_97_buggy -> 15829 errors found
  [RUN] Math_98_buggy ...
  [DONE] Math_98_buggy -> 15689 errors found
  [RUN] Math_99_buggy ...
  [DONE] Math_99_buggy -> 26014 errors found
  [RUN] Math_100_buggy ...
  [DONE] Math_100_buggy -> 15784 errors found
  [RUN] Math_101_buggy ...
  [DONE] Math_101_buggy -> 15779 errors found
  [RUN] Math_102_buggy ...
  [DONE] Math_102_buggy -> 15958 errors found
  [RUN] Math_103_buggy ...
  [DONE] Math_103_buggy -> 15467 errors found
  [RUN] Math_104_buggy ...
  [DONE] Math_104_buggy -> 15361 errors found
  [RUN] Math_105_buggy ...
  [DONE] Math_105_buggy -> 13106 errors found
  [RUN] Math_106_buggy ...
  [DONE] Math_106_buggy -> 12406 errors found

  --- Summary: Math ---
  Processed  : 106
  Skipped    : 0
  Warnings   : 0
  Total errors: 5231369

############################################
  START: Time (1 - 26)
############################################
  [RUN] Time_1_buggy ...
  [DONE] Time_1_buggy -> 32338 errors found
  [RUN] Time_2_buggy ...
  [DONE] Time_2_buggy -> 32332 errors found
  [RUN] Time_3_buggy ...
  [DONE] Time_3_buggy -> 32310 errors found
  [RUN] Time_4_buggy ...
  [DONE] Time_4_buggy -> 32310 errors found
  [RUN] Time_5_buggy ...
  [DONE] Time_5_buggy -> 32194 errors found
  [RUN] Time_6_buggy ...
  [DONE] Time_6_buggy -> 32127 errors found
  [RUN] Time_7_buggy ...
  [DONE] Time_7_buggy -> 31943 errors found
  [RUN] Time_8_buggy ...
  [DONE] Time_8_buggy -> 31880 errors found
  [RUN] Time_9_buggy ...
  [DONE] Time_9_buggy -> 31873 errors found
  [RUN] Time_10_buggy ...
  [DONE] Time_10_buggy -> 31863 errors found
  [RUN] Time_11_buggy ...
  [DONE] Time_11_buggy -> 31851 errors found
  [RUN] Time_12_buggy ...
  [DONE] Time_12_buggy -> 31762 errors found
  [RUN] Time_13_buggy ...
  [DONE] Time_13_buggy -> 31749 errors found
  [RUN] Time_14_buggy ...
  [DONE] Time_14_buggy -> 31682 errors found
  [RUN] Time_15_buggy ...
  [DONE] Time_15_buggy -> 31677 errors found
  [RUN] Time_16_buggy ...
  [DONE] Time_16_buggy -> 31681 errors found
  [RUN] Time_17_buggy ...
  [DONE] Time_17_buggy -> 31658 errors found
  [RUN] Time_18_buggy ...
  [DONE] Time_18_buggy -> 31636 errors found
  [RUN] Time_19_buggy ...
  [DONE] Time_19_buggy -> 31617 errors found
  [RUN] Time_20_buggy ...
  [DONE] Time_20_buggy -> 31608 errors found
  [WARNING] Project folder not found: Time_21_buggy
  [RUN] Time_22_buggy ...
  [DONE] Time_22_buggy -> 31277 errors found
  [RUN] Time_23_buggy ...
  [DONE] Time_23_buggy -> 31271 errors found
  [RUN] Time_24_buggy ...
  [DONE] Time_24_buggy -> 31232 errors found
  [RUN] Time_25_buggy ...
  [DONE] Time_25_buggy -> 31174 errors found
  [RUN] Time_26_buggy ...
  [DONE] Time_26_buggy -> 31158 errors found

  --- Summary: Time ---
  Processed  : 25
  Skipped    : 0
  Warnings   : 1
  Total errors: 794203

============================================
  COMPLETED - Overall Summary
============================================
  Total processed  : 386 projects
  Total skipped    : 0 projects
  Total warnings   : 7 projects
  Total errors     : 11075459 errors
  Total XML files  : 386 files
============================================
