============================================
  PMD Automation - Defects4J Dataset
============================================

############################################
  START: Chart (1 - 26)
############################################
  [RUN] Chart_1_buggy ...
  [DONE] Chart_1_buggy -> 2867 violations found
  [RUN] Chart_2_buggy ...
  [DONE] Chart_2_buggy -> 2867 violations found
  [RUN] Chart_3_buggy ...
  [DONE] Chart_3_buggy -> 2863 violations found
  [RUN] Chart_4_buggy ...
  [DONE] Chart_4_buggy -> 2798 violations found
  [RUN] Chart_5_buggy ...
  [DONE] Chart_5_buggy -> 2681 violations found
  [RUN] Chart_6_buggy ...
  [DONE] Chart_6_buggy -> 2612 violations found
  [RUN] Chart_7_buggy ...
  [DONE] Chart_7_buggy -> 2609 violations found
  [RUN] Chart_8_buggy ...
  [DONE] Chart_8_buggy -> 2610 violations found
  [RUN] Chart_9_buggy ...
  [DONE] Chart_9_buggy -> 2608 violations found
  [RUN] Chart_10_buggy ...
  [DONE] Chart_10_buggy -> 2608 violations found
  [RUN] Chart_11_buggy ...
  [DONE] Chart_11_buggy -> 2604 violations found
  [RUN] Chart_12_buggy ...
  [DONE] Chart_12_buggy -> 2604 violations found
  [RUN] Chart_13_buggy ...
  [DONE] Chart_13_buggy -> 2599 violations found
  [RUN] Chart_14_buggy ...
  [DONE] Chart_14_buggy -> 2599 violations found
  [RUN] Chart_15_buggy ...
  [DONE] Chart_15_buggy -> 2593 violations found
  [RUN] Chart_16_buggy ...
  [DONE] Chart_16_buggy -> 2593 violations found
  [RUN] Chart_17_buggy ...
  [DONE] Chart_17_buggy -> 2600 violations found
  [RUN] Chart_18_buggy ...
  [DONE] Chart_18_buggy -> 2600 violations found
  [RUN] Chart_19_buggy ...
  [DONE] Chart_19_buggy -> 2588 violations found
  [RUN] Chart_20_buggy ...
  [DONE] Chart_20_buggy -> 2540 violations found
  [RUN] Chart_21_buggy ...
  [DONE] Chart_21_buggy -> 2536 violations found
  [RUN] Chart_22_buggy ...
  [DONE] Chart_22_buggy -> 2534 violations found
  [RUN] Chart_23_buggy ...
  [DONE] Chart_23_buggy -> 2526 violations found
  [RUN] Chart_24_buggy ...
  [DONE] Chart_24_buggy -> 2521 violations found
  [RUN] Chart_25_buggy ...
  [DONE] Chart_25_buggy -> 2517 violations found
  [RUN] Chart_26_buggy ...
  [DONE] Chart_26_buggy -> 2504 violations found

  --- Summary: Chart ---
  Processed  : 26
  Skipped    : 0
  Warnings   : 0
  Total violations: 68181

############################################
  START: Closure (1 - 174)
############################################
  [RUN] Closure_1_buggy ...
  [DONE] Closure_1_buggy -> 1712 violations found
  [RUN] Closure_2_buggy ...
  [DONE] Closure_2_buggy -> 1710 violations found
  [RUN] Closure_3_buggy ...
  [DONE] Closure_3_buggy -> 1713 violations found
  [RUN] Closure_4_buggy ...
  [DONE] Closure_4_buggy -> 1713 violations found
  [RUN] Closure_5_buggy ...
  [DONE] Closure_5_buggy -> 1708 violations found
  [RUN] Closure_6_buggy ...
  [DONE] Closure_6_buggy -> 1704 violations found
  [RUN] Closure_7_buggy ...
  [DONE] Closure_7_buggy -> 1701 violations found
  [RUN] Closure_8_buggy ...
  [DONE] Closure_8_buggy -> 1690 violations found
  [RUN] Closure_9_buggy ...
  [DONE] Closure_9_buggy -> 1690 violations found
  [RUN] Closure_10_buggy ...
  [DONE] Closure_10_buggy -> 1687 violations found
  [RUN] Closure_11_buggy ...
  [DONE] Closure_11_buggy -> 1668 violations found
  [RUN] Closure_12_buggy ...
  [DONE] Closure_12_buggy -> 1675 violations found
  [RUN] Closure_13_buggy ...
  [DONE] Closure_13_buggy -> 1676 violations found
  [RUN] Closure_14_buggy ...
  [DONE] Closure_14_buggy -> 1667 violations found
  [RUN] Closure_15_buggy ...
  [DONE] Closure_15_buggy -> 1669 violations found
  [RUN] Closure_16_buggy ...
  [DONE] Closure_16_buggy -> 1671 violations found
  [RUN] Closure_17_buggy ...
  [DONE] Closure_17_buggy -> 1670 violations found
  [RUN] Closure_18_buggy ...
  [DONE] Closure_18_buggy -> 1670 violations found
  [RUN] Closure_19_buggy ...
  [DONE] Closure_19_buggy -> 1670 violations found
  [RUN] Closure_20_buggy ...
  [DONE] Closure_20_buggy -> 1668 violations found
  [RUN] Closure_21_buggy ...
  [DONE] Closure_21_buggy -> 1672 violations found
  [RUN] Closure_22_buggy ...
  [DONE] Closure_22_buggy -> 1672 violations found
  [RUN] Closure_23_buggy ...
  [DONE] Closure_23_buggy -> 1663 violations found
  [RUN] Closure_24_buggy ...
  [DONE] Closure_24_buggy -> 1653 violations found
  [RUN] Closure_25_buggy ...
  [DONE] Closure_25_buggy -> 1652 violations found
  [RUN] Closure_26_buggy ...
  [DONE] Closure_26_buggy -> 1654 violations found
  [RUN] Closure_27_buggy ...
  [DONE] Closure_27_buggy -> 1645 violations found
  [RUN] Closure_28_buggy ...
  [DONE] Closure_28_buggy -> 1645 violations found
  [RUN] Closure_29_buggy ...
  [DONE] Closure_29_buggy -> 1645 violations found
  [RUN] Closure_30_buggy ...
  [DONE] Closure_30_buggy -> 1634 violations found
  [RUN] Closure_31_buggy ...
  [DONE] Closure_31_buggy -> 1633 violations found
  [RUN] Closure_32_buggy ...
  [DONE] Closure_32_buggy -> 1634 violations found
  [RUN] Closure_33_buggy ...
  [DONE] Closure_33_buggy -> 1633 violations found
  [RUN] Closure_34_buggy ...
  [DONE] Closure_34_buggy -> 1633 violations found
  [RUN] Closure_35_buggy ...
  [DONE] Closure_35_buggy -> 1622 violations found
  [RUN] Closure_36_buggy ...
  [DONE] Closure_36_buggy -> 1621 violations found
  [RUN] Closure_37_buggy ...
  [DONE] Closure_37_buggy -> 1620 violations found
  [RUN] Closure_38_buggy ...
  [DONE] Closure_38_buggy -> 1619 violations found
  [RUN] Closure_39_buggy ...
  [DONE] Closure_39_buggy -> 1616 violations found
  [RUN] Closure_40_buggy ...
  [DONE] Closure_40_buggy -> 1615 violations found
  [RUN] Closure_41_buggy ...
  [DONE] Closure_41_buggy -> 1614 violations found
  [RUN] Closure_42_buggy ...
  [DONE] Closure_42_buggy -> 1613 violations found
  [RUN] Closure_43_buggy ...
  [DONE] Closure_43_buggy -> 1613 violations found
  [RUN] Closure_44_buggy ...
  [DONE] Closure_44_buggy -> 1599 violations found
  [RUN] Closure_45_buggy ...
  [DONE] Closure_45_buggy -> 1602 violations found
  [RUN] Closure_46_buggy ...
  [DONE] Closure_46_buggy -> 1627 violations found
  [RUN] Closure_47_buggy ...
  [DONE] Closure_47_buggy -> 1635 violations found
  [RUN] Closure_48_buggy ...
  [DONE] Closure_48_buggy -> 1635 violations found
  [RUN] Closure_49_buggy ...
  [DONE] Closure_49_buggy -> 2148 violations found
  [RUN] Closure_50_buggy ...
  [DONE] Closure_50_buggy -> 2144 violations found
  [RUN] Closure_51_buggy ...
  [DONE] Closure_51_buggy -> 2143 violations found
  [RUN] Closure_52_buggy ...
  [DONE] Closure_52_buggy -> 2147 violations found
  [RUN] Closure_53_buggy ...
  [DONE] Closure_53_buggy -> 2135 violations found
  [RUN] Closure_54_buggy ...
  [DONE] Closure_54_buggy -> 2094 violations found
  [RUN] Closure_55_buggy ...
  [DONE] Closure_55_buggy -> 2090 violations found
  [RUN] Closure_56_buggy ...
  [DONE] Closure_56_buggy -> 2089 violations found
  [RUN] Closure_57_buggy ...
  [DONE] Closure_57_buggy -> 2094 violations found
  [RUN] Closure_58_buggy ...
  [DONE] Closure_58_buggy -> 2092 violations found
  [RUN] Closure_59_buggy ...
  [DONE] Closure_59_buggy -> 2110 violations found
  [RUN] Closure_60_buggy ...
  [DONE] Closure_60_buggy -> 2109 violations found
  [RUN] Closure_61_buggy ...
  [DONE] Closure_61_buggy -> 2102 violations found
  [RUN] Closure_62_buggy ...
  [DONE] Closure_62_buggy -> 2103 violations found
  [WARNING] Project folder not found: Closure_63_buggy
  [RUN] Closure_64_buggy ...
  [DONE] Closure_64_buggy -> 2090 violations found
  [RUN] Closure_65_buggy ...
  [DONE] Closure_65_buggy -> 2092 violations found
  [RUN] Closure_66_buggy ...
  [DONE] Closure_66_buggy -> 2090 violations found
  [RUN] Closure_67_buggy ...
  [DONE] Closure_67_buggy -> 2089 violations found
  [RUN] Closure_68_buggy ...
  [DONE] Closure_68_buggy -> 2089 violations found
  [RUN] Closure_69_buggy ...
  [DONE] Closure_69_buggy -> 2089 violations found
  [RUN] Closure_70_buggy ...
  [DONE] Closure_70_buggy -> 2071 violations found
  [RUN] Closure_71_buggy ...
  [DONE] Closure_71_buggy -> 2033 violations found
  [RUN] Closure_72_buggy ...
  [DONE] Closure_72_buggy -> 2029 violations found
  [RUN] Closure_73_buggy ...
  [DONE] Closure_73_buggy -> 1995 violations found
  [RUN] Closure_74_buggy ...
  [DONE] Closure_74_buggy -> 1991 violations found
  [RUN] Closure_75_buggy ...
  [DONE] Closure_75_buggy -> 1984 violations found
  [RUN] Closure_76_buggy ...
  [DONE] Closure_76_buggy -> 1958 violations found
  [RUN] Closure_77_buggy ...
  [DONE] Closure_77_buggy -> 1957 violations found
  [RUN] Closure_78_buggy ...
  [DONE] Closure_78_buggy -> 1959 violations found
  [RUN] Closure_79_buggy ...
  [DONE] Closure_79_buggy -> 1945 violations found
  [RUN] Closure_80_buggy ...
  [DONE] Closure_80_buggy -> 1945 violations found
  [RUN] Closure_81_buggy ...
  [DONE] Closure_81_buggy -> 1932 violations found
  [RUN] Closure_82_buggy ...
  [DONE] Closure_82_buggy -> 1898 violations found
  [RUN] Closure_83_buggy ...
  [DONE] Closure_83_buggy -> 1868 violations found
  [RUN] Closure_84_buggy ...
  [DONE] Closure_84_buggy -> 1858 violations found
  [RUN] Closure_85_buggy ...
  [DONE] Closure_85_buggy -> 1851 violations found
  [RUN] Closure_86_buggy ...
  [DONE] Closure_86_buggy -> 1843 violations found
  [RUN] Closure_87_buggy ...
  [DONE] Closure_87_buggy -> 1841 violations found
  [RUN] Closure_88_buggy ...
  [DONE] Closure_88_buggy -> 1841 violations found
  [RUN] Closure_89_buggy ...
  [DONE] Closure_89_buggy -> 1831 violations found
  [RUN] Closure_90_buggy ...
  [DONE] Closure_90_buggy -> 1828 violations found
  [RUN] Closure_91_buggy ...
  [DONE] Closure_91_buggy -> 1828 violations found
  [RUN] Closure_92_buggy ...
  [DONE] Closure_92_buggy -> 1824 violations found
  [WARNING] Project folder not found: Closure_93_buggy
  [RUN] Closure_94_buggy ...
  [DONE] Closure_94_buggy -> 1814 violations found
  [RUN] Closure_95_buggy ...
  [DONE] Closure_95_buggy -> 1744 violations found
  [RUN] Closure_96_buggy ...
  [DONE] Closure_96_buggy -> 1738 violations found
  [RUN] Closure_97_buggy ...
  [DONE] Closure_97_buggy -> 1669 violations found
  [RUN] Closure_98_buggy ...
  [DONE] Closure_98_buggy -> 1654 violations found
  [RUN] Closure_99_buggy ...
  [DONE] Closure_99_buggy -> 1652 violations found
  [RUN] Closure_100_buggy ...
  [DONE] Closure_100_buggy -> 1654 violations found
  [RUN] Closure_101_buggy ...
  [DONE] Closure_101_buggy -> 1619 violations found
  [RUN] Closure_102_buggy ...
  [DONE] Closure_102_buggy -> 1617 violations found
  [RUN] Closure_103_buggy ...
  [DONE] Closure_103_buggy -> 1615 violations found
  [RUN] Closure_104_buggy ...
  [DONE] Closure_104_buggy -> 1615 violations found
  [RUN] Closure_105_buggy ...
  [DONE] Closure_105_buggy -> 1596 violations found
  [RUN] Closure_106_buggy ...
  [DONE] Closure_106_buggy -> 1567 violations found
  [RUN] Closure_107_buggy ...
  [DONE] Closure_107_buggy -> 1658 violations found
  [RUN] Closure_108_buggy ...
  [DONE] Closure_108_buggy -> 1658 violations found
  [RUN] Closure_109_buggy ...
  [DONE] Closure_109_buggy -> 1642 violations found
  [RUN] Closure_110_buggy ...
  [DONE] Closure_110_buggy -> 1635 violations found
  [RUN] Closure_111_buggy ...
  [DONE] Closure_111_buggy -> 1559 violations found
  [RUN] Closure_112_buggy ...
  [DONE] Closure_112_buggy -> 1561 violations found
  [RUN] Closure_113_buggy ...
  [DONE] Closure_113_buggy -> 1560 violations found
  [RUN] Closure_114_buggy ...
  [DONE] Closure_114_buggy -> 1560 violations found
  [RUN] Closure_115_buggy ...
  [DONE] Closure_115_buggy -> 1559 violations found
  [RUN] Closure_116_buggy ...
  [DONE] Closure_116_buggy -> 1559 violations found
  [RUN] Closure_117_buggy ...
  [DONE] Closure_117_buggy -> 1559 violations found
  [RUN] Closure_118_buggy ...
  [DONE] Closure_118_buggy -> 1557 violations found
  [RUN] Closure_119_buggy ...
  [DONE] Closure_119_buggy -> 1557 violations found
  [RUN] Closure_120_buggy ...
  [DONE] Closure_120_buggy -> 1555 violations found
  [RUN] Closure_121_buggy ...
  [DONE] Closure_121_buggy -> 1555 violations found
  [RUN] Closure_122_buggy ...
  [DONE] Closure_122_buggy -> 1551 violations found
  [RUN] Closure_123_buggy ...
  [DONE] Closure_123_buggy -> 1544 violations found
  [RUN] Closure_124_buggy ...
  [DONE] Closure_124_buggy -> 1534 violations found
  [RUN] Closure_125_buggy ...
  [DONE] Closure_125_buggy -> 1523 violations found
  [RUN] Closure_126_buggy ...
  [DONE] Closure_126_buggy -> 1502 violations found
  [RUN] Closure_127_buggy ...
  [DONE] Closure_127_buggy -> 1502 violations found
  [RUN] Closure_128_buggy ...
  [DONE] Closure_128_buggy -> 1577 violations found
  [RUN] Closure_129_buggy ...
  [DONE] Closure_129_buggy -> 1577 violations found
  [RUN] Closure_130_buggy ...
  [DONE] Closure_130_buggy -> 1615 violations found
  [RUN] Closure_131_buggy ...
  [DONE] Closure_131_buggy -> 1615 violations found
  [RUN] Closure_132_buggy ...
  [DONE] Closure_132_buggy -> 1615 violations found
  [RUN] Closure_133_buggy ...
  [DONE] Closure_133_buggy -> 1616 violations found
  [RUN] Closure_134_buggy ...
  [DONE] Closure_134_buggy -> 1585 violations found
  [RUN] Closure_135_buggy ...
  [DONE] Closure_135_buggy -> 1601 violations found
  [RUN] Closure_136_buggy ...
  [DONE] Closure_136_buggy -> 1618 violations found
  [RUN] Closure_137_buggy ...
  [DONE] Closure_137_buggy -> 1623 violations found
  [RUN] Closure_138_buggy ...
  [DONE] Closure_138_buggy -> 1620 violations found
  [RUN] Closure_139_buggy ...
  [DONE] Closure_139_buggy -> 1620 violations found
  [RUN] Closure_140_buggy ...
  [DONE] Closure_140_buggy -> 1620 violations found
  [RUN] Closure_141_buggy ...
  [DONE] Closure_141_buggy -> 1620 violations found
  [RUN] Closure_142_buggy ...
  [DONE] Closure_142_buggy -> 1634 violations found
  [RUN] Closure_143_buggy ...
  [DONE] Closure_143_buggy -> 1636 violations found
  [RUN] Closure_144_buggy ...
  [DONE] Closure_144_buggy -> 1657 violations found
  [RUN] Closure_145_buggy ...
  [DONE] Closure_145_buggy -> 1657 violations found
  [RUN] Closure_146_buggy ...
  [DONE] Closure_146_buggy -> 1658 violations found
  [RUN] Closure_147_buggy ...
  [DONE] Closure_147_buggy -> 1661 violations found
  [RUN] Closure_148_buggy ...
  [DONE] Closure_148_buggy -> 1666 violations found
  [RUN] Closure_149_buggy ...
  [DONE] Closure_149_buggy -> 1701 violations found
  [RUN] Closure_150_buggy ...
  [DONE] Closure_150_buggy -> 1741 violations found
  [RUN] Closure_151_buggy ...
  [DONE] Closure_151_buggy -> 1742 violations found
  [RUN] Closure_152_buggy ...
  [DONE] Closure_152_buggy -> 1828 violations found
  [RUN] Closure_153_buggy ...
  [DONE] Closure_153_buggy -> 1839 violations found
  [RUN] Closure_154_buggy ...
  [DONE] Closure_154_buggy -> 1942 violations found
  [RUN] Closure_155_buggy ...
  [DONE] Closure_155_buggy -> 1976 violations found
  [RUN] Closure_156_buggy ...
  [DONE] Closure_156_buggy -> 1982 violations found
  [RUN] Closure_157_buggy ...
  [DONE] Closure_157_buggy -> 1986 violations found
  [RUN] Closure_158_buggy ...
  [DONE] Closure_158_buggy -> 1992 violations found
  [RUN] Closure_159_buggy ...
  [DONE] Closure_159_buggy -> 1995 violations found
  [RUN] Closure_160_buggy ...
  [DONE] Closure_160_buggy -> 2081 violations found
  [RUN] Closure_161_buggy ...
  [DONE] Closure_161_buggy -> 2087 violations found
  [RUN] Closure_162_buggy ...
  [DONE] Closure_162_buggy -> 2094 violations found
  [RUN] Closure_163_buggy ...
  [DONE] Closure_163_buggy -> 1602 violations found
  [RUN] Closure_164_buggy ...
  [DONE] Closure_164_buggy -> 1617 violations found
  [RUN] Closure_165_buggy ...
  [DONE] Closure_165_buggy -> 1652 violations found
  [RUN] Closure_166_buggy ...
  [DONE] Closure_166_buggy -> 1676 violations found
  [RUN] Closure_167_buggy ...
  [DONE] Closure_167_buggy -> 1673 violations found
  [RUN] Closure_168_buggy ...
  [DONE] Closure_168_buggy -> 1673 violations found
  [RUN] Closure_169_buggy ...
  [DONE] Closure_169_buggy -> 1701 violations found
  [RUN] Closure_170_buggy ...
  [DONE] Closure_170_buggy -> 1516 violations found
  [RUN] Closure_171_buggy ...
  [DONE] Closure_171_buggy -> 1535 violations found
  [RUN] Closure_172_buggy ...
  [DONE] Closure_172_buggy -> 1550 violations found
  [RUN] Closure_173_buggy ...
  [DONE] Closure_173_buggy -> 1562 violations found
  [RUN] Closure_174_buggy ...
  [DONE] Closure_174_buggy -> 1558 violations found

  --- Summary: Closure ---
  Processed  : 172
  Skipped    : 0
  Warnings   : 2
  Total violations: 300536

############################################
  START: Lang (1 - 61)
############################################
  [RUN] Lang_1_buggy ...
  [DONE] Lang_1_buggy -> 476 violations found
  [WARNING] Project folder not found: Lang_2_buggy
  [RUN] Lang_3_buggy ...
  [DONE] Lang_3_buggy -> 477 violations found
  [RUN] Lang_4_buggy ...
  [DONE] Lang_4_buggy -> 476 violations found
  [RUN] Lang_5_buggy ...
  [DONE] Lang_5_buggy -> 477 violations found
  [RUN] Lang_6_buggy ...
  [DONE] Lang_6_buggy -> 478 violations found
  [RUN] Lang_7_buggy ...
  [DONE] Lang_7_buggy -> 477 violations found
  [RUN] Lang_8_buggy ...
  [DONE] Lang_8_buggy -> 458 violations found
  [RUN] Lang_9_buggy ...
  [DONE] Lang_9_buggy -> 457 violations found
  [RUN] Lang_10_buggy ...
  [DONE] Lang_10_buggy -> 457 violations found
  [RUN] Lang_11_buggy ...
  [DONE] Lang_11_buggy -> 446 violations found
  [RUN] Lang_12_buggy ...
  [DONE] Lang_12_buggy -> 446 violations found
  [RUN] Lang_13_buggy ...
  [DONE] Lang_13_buggy -> 605 violations found
  [RUN] Lang_14_buggy ...
  [DONE] Lang_14_buggy -> 540 violations found
  [RUN] Lang_15_buggy ...
  [DONE] Lang_15_buggy -> 539 violations found
  [RUN] Lang_16_buggy ...
  [DONE] Lang_16_buggy -> 645 violations found
  [RUN] Lang_17_buggy ...
  [DONE] Lang_17_buggy -> 638 violations found
  [WARNING] Project folder not found: Lang_18_buggy
  [RUN] Lang_19_buggy ...
  [DONE] Lang_19_buggy -> 641 violations found
  [RUN] Lang_20_buggy ...
  [DONE] Lang_20_buggy -> 641 violations found
  [RUN] Lang_21_buggy ...
  [DONE] Lang_21_buggy -> 671 violations found
  [RUN] Lang_22_buggy ...
  [DONE] Lang_22_buggy -> 661 violations found
  [RUN] Lang_23_buggy ...
  [DONE] Lang_23_buggy -> 663 violations found
  [RUN] Lang_24_buggy ...
  [DONE] Lang_24_buggy -> 659 violations found
  [WARNING] Project folder not found: Lang_25_buggy
  [RUN] Lang_26_buggy ...
  [DONE] Lang_26_buggy -> 645 violations found
  [RUN] Lang_27_buggy ...
  [DONE] Lang_27_buggy -> 644 violations found
  [RUN] Lang_28_buggy ...
  [DONE] Lang_28_buggy -> 643 violations found
  [RUN] Lang_29_buggy ...
  [DONE] Lang_29_buggy -> 643 violations found
  [RUN] Lang_30_buggy ...
  [DONE] Lang_30_buggy -> 636 violations found
  [RUN] Lang_31_buggy ...
  [DONE] Lang_31_buggy -> 634 violations found
  [RUN] Lang_32_buggy ...
  [DONE] Lang_32_buggy -> 637 violations found
  [RUN] Lang_33_buggy ...
  [DONE] Lang_33_buggy -> 637 violations found
  [RUN] Lang_34_buggy ...
  [DONE] Lang_34_buggy -> 638 violations found
  [RUN] Lang_35_buggy ...
  [DONE] Lang_35_buggy -> 635 violations found
  [RUN] Lang_36_buggy ...
  [DONE] Lang_36_buggy -> 636 violations found
  [RUN] Lang_37_buggy ...
  [DONE] Lang_37_buggy -> 636 violations found
  [RUN] Lang_38_buggy ...
  [DONE] Lang_38_buggy -> 636 violations found
  [RUN] Lang_39_buggy ...
  [DONE] Lang_39_buggy -> 635 violations found
  [RUN] Lang_40_buggy ...
  [DONE] Lang_40_buggy -> 636 violations found
  [RUN] Lang_41_buggy ...
  [DONE] Lang_41_buggy -> 629 violations found
  [RUN] Lang_42_buggy ...
  [DONE] Lang_42_buggy -> 706 violations found
  [RUN] Lang_43_buggy ...
  [DONE] Lang_43_buggy -> 706 violations found
  [RUN] Lang_44_buggy ...
  [DONE] Lang_44_buggy -> 705 violations found
  [RUN] Lang_45_buggy ...
  [DONE] Lang_45_buggy -> 703 violations found
  [RUN] Lang_46_buggy ...
  [DONE] Lang_46_buggy -> 678 violations found
  [RUN] Lang_47_buggy ...
  [DONE] Lang_47_buggy -> 696 violations found
  [WARNING] Project folder not found: Lang_48_buggy
  [RUN] Lang_49_buggy ...
  [DONE] Lang_49_buggy -> 688 violations found
  [RUN] Lang_50_buggy ...
  [DONE] Lang_50_buggy -> 685 violations found
  [RUN] Lang_51_buggy ...
  [DONE] Lang_51_buggy -> 663 violations found
  [RUN] Lang_52_buggy ...
  [DONE] Lang_52_buggy -> 663 violations found
  [RUN] Lang_53_buggy ...
  [DONE] Lang_53_buggy -> 661 violations found
  [RUN] Lang_54_buggy ...
  [DONE] Lang_54_buggy -> 657 violations found
  [RUN] Lang_55_buggy ...
  [DONE] Lang_55_buggy -> 657 violations found
  [RUN] Lang_56_buggy ...
  [DONE] Lang_56_buggy -> 660 violations found
  [RUN] Lang_57_buggy ...
  [DONE] Lang_57_buggy -> 657 violations found
  [RUN] Lang_58_buggy ...
  [DONE] Lang_58_buggy -> 658 violations found
  [RUN] Lang_59_buggy ...
  [DONE] Lang_59_buggy -> 654 violations found
  [RUN] Lang_60_buggy ...
  [DONE] Lang_60_buggy -> 655 violations found
  [RUN] Lang_61_buggy ...
  [DONE] Lang_61_buggy -> 655 violations found

  --- Summary: Lang ---
  Processed  : 57
  Skipped    : 0
  Warnings   : 4
  Total violations: 35035

############################################
  START: Math (1 - 106)
############################################
  [RUN] Math_1_buggy ...
  [DONE] Math_1_buggy -> 1328 violations found
  [RUN] Math_2_buggy ...
  [DONE] Math_2_buggy -> 1323 violations found
  [RUN] Math_3_buggy ...
  [DONE] Math_3_buggy -> 1298 violations found
  [RUN] Math_4_buggy ...
  [DONE] Math_4_buggy -> 1298 violations found
  [RUN] Math_5_buggy ...
  [DONE] Math_5_buggy -> 1295 violations found
  [RUN] Math_6_buggy ...
  [DONE] Math_6_buggy -> 1296 violations found
  [RUN] Math_7_buggy ...
  [DONE] Math_7_buggy -> 1296 violations found
  [RUN] Math_8_buggy ...
  [DONE] Math_8_buggy -> 1286 violations found
  [RUN] Math_9_buggy ...
  [DONE] Math_9_buggy -> 1289 violations found
  [RUN] Math_10_buggy ...
  [DONE] Math_10_buggy -> 1242 violations found
  [RUN] Math_11_buggy ...
  [DONE] Math_11_buggy -> 1231 violations found
  [RUN] Math_12_buggy ...
  [DONE] Math_12_buggy -> 1232 violations found
  [RUN] Math_13_buggy ...
  [DONE] Math_13_buggy -> 1234 violations found
  [RUN] Math_14_buggy ...
  [DONE] Math_14_buggy -> 1234 violations found
  [RUN] Math_15_buggy ...
  [DONE] Math_15_buggy -> 1160 violations found
  [RUN] Math_16_buggy ...
  [DONE] Math_16_buggy -> 1158 violations found
  [RUN] Math_17_buggy ...
  [DONE] Math_17_buggy -> 1141 violations found
  [RUN] Math_18_buggy ...
  [DONE] Math_18_buggy -> 1136 violations found
  [RUN] Math_19_buggy ...
  [DONE] Math_19_buggy -> 1136 violations found
  [RUN] Math_20_buggy ...
  [DONE] Math_20_buggy -> 1137 violations found
  [RUN] Math_21_buggy ...
  [DONE] Math_21_buggy -> 1137 violations found
  [RUN] Math_22_buggy ...
  [DONE] Math_22_buggy -> 1136 violations found
  [RUN] Math_23_buggy ...
  [DONE] Math_23_buggy -> 1136 violations found
  [RUN] Math_24_buggy ...
  [DONE] Math_24_buggy -> 1139 violations found
  [RUN] Math_25_buggy ...
  [DONE] Math_25_buggy -> 1139 violations found
  [RUN] Math_26_buggy ...
  [DONE] Math_26_buggy -> 1122 violations found
  [RUN] Math_27_buggy ...
  [DONE] Math_27_buggy -> 1122 violations found
  [RUN] Math_28_buggy ...
  [DONE] Math_28_buggy -> 1122 violations found
  [RUN] Math_29_buggy ...
  [DONE] Math_29_buggy -> 1123 violations found
  [RUN] Math_30_buggy ...
  [DONE] Math_30_buggy -> 1123 violations found
  [RUN] Math_31_buggy ...
  [DONE] Math_31_buggy -> 1129 violations found
  [RUN] Math_32_buggy ...
  [DONE] Math_32_buggy -> 1127 violations found
  [RUN] Math_33_buggy ...
  [DONE] Math_33_buggy -> 1123 violations found
  [RUN] Math_34_buggy ...
  [DONE] Math_34_buggy -> 1122 violations found
  [RUN] Math_35_buggy ...
  [DONE] Math_35_buggy -> 1122 violations found
  [RUN] Math_36_buggy ...
  [DONE] Math_36_buggy -> 1142 violations found
  [RUN] Math_37_buggy ...
  [DONE] Math_37_buggy -> 1148 violations found
  [RUN] Math_38_buggy ...
  [DONE] Math_38_buggy -> 1151 violations found
  [RUN] Math_39_buggy ...
  [DONE] Math_39_buggy -> 1152 violations found
  [RUN] Math_40_buggy ...
  [DONE] Math_40_buggy -> 1153 violations found
  [RUN] Math_41_buggy ...
  [DONE] Math_41_buggy -> 1180 violations found
  [RUN] Math_42_buggy ...
  [DONE] Math_42_buggy -> 1180 violations found
  [RUN] Math_43_buggy ...
  [DONE] Math_43_buggy -> 1165 violations found
  [RUN] Math_44_buggy ...
  [DONE] Math_44_buggy -> 1159 violations found
  [RUN] Math_45_buggy ...
  [DONE] Math_45_buggy -> 1164 violations found
  [RUN] Math_46_buggy ...
  [DONE] Math_46_buggy -> 1140 violations found
  [RUN] Math_47_buggy ...
  [DONE] Math_47_buggy -> 1140 violations found
  [RUN] Math_48_buggy ...
  [DONE] Math_48_buggy -> 1142 violations found
  [RUN] Math_49_buggy ...
  [DONE] Math_49_buggy -> 1197 violations found
  [RUN] Math_50_buggy ...
  [DONE] Math_50_buggy -> 1209 violations found
  [RUN] Math_51_buggy ...
  [DONE] Math_51_buggy -> 1203 violations found
  [RUN] Math_52_buggy ...
  [DONE] Math_52_buggy -> 1110 violations found
  [RUN] Math_53_buggy ...
  [DONE] Math_53_buggy -> 1036 violations found
  [RUN] Math_54_buggy ...
  [DONE] Math_54_buggy -> 1015 violations found
  [RUN] Math_55_buggy ...
  [DONE] Math_55_buggy -> 1013 violations found
  [RUN] Math_56_buggy ...
  [DONE] Math_56_buggy -> 1013 violations found
  [RUN] Math_57_buggy ...
  [DONE] Math_57_buggy -> 1009 violations found
  [RUN] Math_58_buggy ...
  [DONE] Math_58_buggy -> 1014 violations found
  [RUN] Math_59_buggy ...
  [DONE] Math_59_buggy -> 904 violations found
  [RUN] Math_60_buggy ...
  [DONE] Math_60_buggy -> 861 violations found
  [RUN] Math_61_buggy ...
  [DONE] Math_61_buggy -> 946 violations found
  [RUN] Math_62_buggy ...
  [DONE] Math_62_buggy -> 946 violations found
  [RUN] Math_63_buggy ...
  [DONE] Math_63_buggy -> 931 violations found
  [RUN] Math_64_buggy ...
  [DONE] Math_64_buggy -> 853 violations found
  [RUN] Math_65_buggy ...
  [DONE] Math_65_buggy -> 850 violations found
  [RUN] Math_66_buggy ...
  [DONE] Math_66_buggy -> 885 violations found
  [RUN] Math_67_buggy ...
  [DONE] Math_67_buggy -> 876 violations found
  [RUN] Math_68_buggy ...
  [DONE] Math_68_buggy -> 831 violations found
  [RUN] Math_69_buggy ...
  [DONE] Math_69_buggy -> 835 violations found
  [RUN] Math_70_buggy ...
  [DONE] Math_70_buggy -> 835 violations found
  [RUN] Math_71_buggy ...
  [DONE] Math_71_buggy -> 827 violations found
  [RUN] Math_72_buggy ...
  [DONE] Math_72_buggy -> 818 violations found
  [RUN] Math_73_buggy ...
  [DONE] Math_73_buggy -> 818 violations found
  [RUN] Math_74_buggy ...
  [DONE] Math_74_buggy -> 858 violations found
  [RUN] Math_75_buggy ...
  [DONE] Math_75_buggy -> 860 violations found
  [RUN] Math_76_buggy ...
  [DONE] Math_76_buggy -> 860 violations found
  [RUN] Math_77_buggy ...
  [DONE] Math_77_buggy -> 853 violations found
  [RUN] Math_78_buggy ...
  [DONE] Math_78_buggy -> 850 violations found
  [RUN] Math_79_buggy ...
  [DONE] Math_79_buggy -> 849 violations found
  [RUN] Math_80_buggy ...
  [DONE] Math_80_buggy -> 849 violations found
  [RUN] Math_81_buggy ...
  [DONE] Math_81_buggy -> 849 violations found
  [RUN] Math_82_buggy ...
  [DONE] Math_82_buggy -> 1105 violations found
  [RUN] Math_83_buggy ...
  [DONE] Math_83_buggy -> 1107 violations found
  [RUN] Math_84_buggy ...
  [DONE] Math_84_buggy -> 1106 violations found
  [RUN] Math_85_buggy ...
  [DONE] Math_85_buggy -> 1097 violations found
  [RUN] Math_86_buggy ...
  [DONE] Math_86_buggy -> 1028 violations found
  [RUN] Math_87_buggy ...
  [DONE] Math_87_buggy -> 1027 violations found
  [RUN] Math_88_buggy ...
  [DONE] Math_88_buggy -> 1026 violations found
  [RUN] Math_89_buggy ...
  [DONE] Math_89_buggy -> 946 violations found
  [RUN] Math_90_buggy ...
  [DONE] Math_90_buggy -> 946 violations found
  [RUN] Math_91_buggy ...
  [DONE] Math_91_buggy -> 950 violations found
  [RUN] Math_92_buggy ...
  [DONE] Math_92_buggy -> 837 violations found
  [RUN] Math_93_buggy ...
  [DONE] Math_93_buggy -> 835 violations found
  [RUN] Math_94_buggy ...
  [DONE] Math_94_buggy -> 803 violations found
  [RUN] Math_95_buggy ...
  [DONE] Math_95_buggy -> 728 violations found
  [RUN] Math_96_buggy ...
  [DONE] Math_96_buggy -> 718 violations found
  [RUN] Math_97_buggy ...
  [DONE] Math_97_buggy -> 707 violations found
  [RUN] Math_98_buggy ...
  [DONE] Math_98_buggy -> 703 violations found
  [RUN] Math_99_buggy ...
  [DONE] Math_99_buggy -> 884 violations found
  [RUN] Math_100_buggy ...
  [DONE] Math_100_buggy -> 785 violations found
  [RUN] Math_101_buggy ...
  [DONE] Math_101_buggy -> 781 violations found
  [RUN] Math_102_buggy ...
  [DONE] Math_102_buggy -> 722 violations found
  [RUN] Math_103_buggy ...
  [DONE] Math_103_buggy -> 729 violations found
  [RUN] Math_104_buggy ...
  [DONE] Math_104_buggy -> 722 violations found
  [RUN] Math_105_buggy ...
  [DONE] Math_105_buggy -> 401 violations found
  [RUN] Math_106_buggy ...
  [DONE] Math_106_buggy -> 345 violations found

  --- Summary: Math ---
  Processed  : 106
  Skipped    : 0
  Warnings   : 0
  Total violations: 108389

############################################
  START: Time (1 - 26)
############################################
  [RUN] Time_1_buggy ...
  [DONE] Time_1_buggy -> 499 violations found
  [RUN] Time_2_buggy ...
  [DONE] Time_2_buggy -> 500 violations found
  [RUN] Time_3_buggy ...
  [DONE] Time_3_buggy -> 500 violations found
  [RUN] Time_4_buggy ...
  [DONE] Time_4_buggy -> 500 violations found
  [RUN] Time_5_buggy ...
  [DONE] Time_5_buggy -> 500 violations found
  [RUN] Time_6_buggy ...
  [DONE] Time_6_buggy -> 503 violations found
  [RUN] Time_7_buggy ...
  [DONE] Time_7_buggy -> 502 violations found
  [RUN] Time_8_buggy ...
  [DONE] Time_8_buggy -> 506 violations found
  [RUN] Time_9_buggy ...
  [DONE] Time_9_buggy -> 505 violations found
  [RUN] Time_10_buggy ...
  [DONE] Time_10_buggy -> 506 violations found
  [RUN] Time_11_buggy ...
  [DONE] Time_11_buggy -> 506 violations found
  [RUN] Time_12_buggy ...
  [DONE] Time_12_buggy -> 504 violations found
  [RUN] Time_13_buggy ...
  [DONE] Time_13_buggy -> 501 violations found
  [RUN] Time_14_buggy ...
  [DONE] Time_14_buggy -> 499 violations found
  [RUN] Time_15_buggy ...
  [DONE] Time_15_buggy -> 499 violations found
  [RUN] Time_16_buggy ...
  [DONE] Time_16_buggy -> 499 violations found
  [RUN] Time_17_buggy ...
  [DONE] Time_17_buggy -> 498 violations found
  [RUN] Time_18_buggy ...
  [DONE] Time_18_buggy -> 496 violations found
  [RUN] Time_19_buggy ...
  [DONE] Time_19_buggy -> 496 violations found
  [RUN] Time_20_buggy ...
  [DONE] Time_20_buggy -> 496 violations found
  [WARNING] Project folder not found: Time_21_buggy
  [RUN] Time_22_buggy ...
  [DONE] Time_22_buggy -> 514 violations found
  [RUN] Time_23_buggy ...
  [DONE] Time_23_buggy -> 513 violations found
  [RUN] Time_24_buggy ...
  [DONE] Time_24_buggy -> 512 violations found
  [RUN] Time_25_buggy ...
  [DONE] Time_25_buggy -> 512 violations found
  [RUN] Time_26_buggy ...
  [DONE] Time_26_buggy -> 512 violations found

  --- Summary: Time ---
  Processed  : 25
  Skipped    : 0
  Warnings   : 1
  Total violations: 12578

============================================
  COMPLETED - Overall Summary
============================================
  Total processed  : 386 projects
  Total skipped    : 0 projects
  Total warnings   : 7 projects
  Total violations : 524719 violations
  Total XML files  : 386 files
============================================
