============================================
  SonarQube Automation - Defects4J Dataset
============================================

  [INFO] SonarQube server is UP at http://localhost:9000

############################################
  START: Chart (1 - 26)
############################################
  [RUN] Chart_1_buggy ...
  [COMPILE] Compiling Chart_1_buggy...
  [DONE] Chart_1_buggy -> 5609 issues found
  [RUN] Chart_2_buggy ...
  [COMPILE] Compiling Chart_2_buggy...
  [DONE] Chart_2_buggy -> 5604 issues found
  [RUN] Chart_3_buggy ...
  [COMPILE] Compiling Chart_3_buggy...
  [DONE] Chart_3_buggy -> 5601 issues found
  [RUN] Chart_4_buggy ...
  [COMPILE] Compiling Chart_4_buggy...
  [DONE] Chart_4_buggy -> 5334 issues found
  [RUN] Chart_5_buggy ...
  [COMPILE] Compiling Chart_5_buggy...
  [DONE] Chart_5_buggy -> 4975 issues found
  [RUN] Chart_6_buggy ...
  [COMPILE] Compiling Chart_6_buggy...
  [DONE] Chart_6_buggy -> 4784 issues found
  [RUN] Chart_7_buggy ...
  [COMPILE] Compiling Chart_7_buggy...
  [DONE] Chart_7_buggy -> 4770 issues found
  [RUN] Chart_8_buggy ...
  [COMPILE] Compiling Chart_8_buggy...
  [DONE] Chart_8_buggy -> 4770 issues found
  [RUN] Chart_9_buggy ...
  [COMPILE] Compiling Chart_9_buggy...
  [DONE] Chart_9_buggy -> 4770 issues found
  [RUN] Chart_10_buggy ...
  [COMPILE] Compiling Chart_10_buggy...
  [DONE] Chart_10_buggy -> 4768 issues found
  [RUN] Chart_11_buggy ...
  [COMPILE] Compiling Chart_11_buggy...
  [DONE] Chart_11_buggy -> 4766 issues found
  [RUN] Chart_12_buggy ...
  [COMPILE] Compiling Chart_12_buggy...
  [DONE] Chart_12_buggy -> 4767 issues found
  [RUN] Chart_13_buggy ...
  [COMPILE] Compiling Chart_13_buggy...
  [DONE] Chart_13_buggy -> 4758 issues found
  [RUN] Chart_14_buggy ...
  [COMPILE] Compiling Chart_14_buggy...
  [DONE] Chart_14_buggy -> 4756 issues found
  [RUN] Chart_15_buggy ...
  [COMPILE] Compiling Chart_15_buggy...
  [DONE] Chart_15_buggy -> 4757 issues found
  [RUN] Chart_16_buggy ...
  [COMPILE] Compiling Chart_16_buggy...
  [DONE] Chart_16_buggy -> 4757 issues found
  [RUN] Chart_17_buggy ...
  [COMPILE] Compiling Chart_17_buggy...
  [DONE] Chart_17_buggy -> 4767 issues found
  [RUN] Chart_18_buggy ...
  [COMPILE] Compiling Chart_18_buggy...
  [DONE] Chart_18_buggy -> 4767 issues found
  [RUN] Chart_19_buggy ...
  [COMPILE] Compiling Chart_19_buggy...
  [DONE] Chart_19_buggy -> 4748 issues found
  [RUN] Chart_20_buggy ...
  [COMPILE] Compiling Chart_20_buggy...
  [DONE] Chart_20_buggy -> 4624 issues found
  [RUN] Chart_21_buggy ...
  [COMPILE] Compiling Chart_21_buggy...
  [DONE] Chart_21_buggy -> 4611 issues found
  [RUN] Chart_22_buggy ...
  [COMPILE] Compiling Chart_22_buggy...
  [DONE] Chart_22_buggy -> 4611 issues found
  [RUN] Chart_23_buggy ...
  [COMPILE] Compiling Chart_23_buggy...
  [DONE] Chart_23_buggy -> 4597 issues found
  [RUN] Chart_24_buggy ...
  [COMPILE] Compiling Chart_24_buggy...
  [DONE] Chart_24_buggy -> 4588 issues found
  [RUN] Chart_25_buggy ...
  [COMPILE] Compiling Chart_25_buggy...
  [DONE] Chart_25_buggy -> 4587 issues found
  [RUN] Chart_26_buggy ...
  [COMPILE] Compiling Chart_26_buggy...
  [DONE] Chart_26_buggy -> 4519 issues found

  --- Summary: Chart ---
  Processed   : 26
  Skipped     : 0
  Warnings    : 0
  Total issues: 125965

############################################
  START: Closure (1 - 174)
############################################
  [RUN] Closure_1_buggy ...
  [COMPILE] Compiling Closure_1_buggy...
  [DONE] Closure_1_buggy -> 3049 issues found
  [RUN] Closure_2_buggy ...
  [COMPILE] Compiling Closure_2_buggy...
  [DONE] Closure_2_buggy -> 3059 issues found
  [RUN] Closure_3_buggy ...
  [COMPILE] Compiling Closure_3_buggy...
  [DONE] Closure_3_buggy -> 3061 issues found
  [RUN] Closure_4_buggy ...
  [COMPILE] Compiling Closure_4_buggy...
  [DONE] Closure_4_buggy -> 3063 issues found
  [RUN] Closure_5_buggy ...
  [COMPILE] Compiling Closure_5_buggy...
  [DONE] Closure_5_buggy -> 3057 issues found
  [RUN] Closure_6_buggy ...
  [COMPILE] Compiling Closure_6_buggy...
  [DONE] Closure_6_buggy -> 3134 issues found
  [RUN] Closure_7_buggy ...
  [COMPILE] Compiling Closure_7_buggy...
  [DONE] Closure_7_buggy -> 3127 issues found
  [RUN] Closure_8_buggy ...
  [COMPILE] Compiling Closure_8_buggy...
  [DONE] Closure_8_buggy -> 3102 issues found
  [RUN] Closure_9_buggy ...
  [COMPILE] Compiling Closure_9_buggy...
  [DONE] Closure_9_buggy -> 3102 issues found
  [RUN] Closure_10_buggy ...
  [COMPILE] Compiling Closure_10_buggy...
  [DONE] Closure_10_buggy -> 3099 issues found
  [RUN] Closure_11_buggy ...
  [COMPILE] Compiling Closure_11_buggy...
  [DONE] Closure_11_buggy -> 3088 issues found
  [RUN] Closure_12_buggy ...
  [COMPILE] Compiling Closure_12_buggy...
  [DONE] Closure_12_buggy -> 3090 issues found
  [RUN] Closure_13_buggy ...
  [COMPILE] Compiling Closure_13_buggy...
  [DONE] Closure_13_buggy -> 3092 issues found
  [RUN] Closure_14_buggy ...
  [COMPILE] Compiling Closure_14_buggy...
  [DONE] Closure_14_buggy -> 3076 issues found
  [RUN] Closure_15_buggy ...
  [COMPILE] Compiling Closure_15_buggy...
  [DONE] Closure_15_buggy -> 3079 issues found
  [RUN] Closure_16_buggy ...
  [COMPILE] Compiling Closure_16_buggy...
  [DONE] Closure_16_buggy -> 3075 issues found
  [RUN] Closure_17_buggy ...
  [COMPILE] Compiling Closure_17_buggy...
  [DONE] Closure_17_buggy -> 3076 issues found
  [RUN] Closure_18_buggy ...
  [COMPILE] Compiling Closure_18_buggy...
  [DONE] Closure_18_buggy -> 3080 issues found
  [RUN] Closure_19_buggy ...
  [COMPILE] Compiling Closure_19_buggy...
  [DONE] Closure_19_buggy -> 3078 issues found
  [RUN] Closure_20_buggy ...
  [COMPILE] Compiling Closure_20_buggy...
  [DONE] Closure_20_buggy -> 3072 issues found
  [RUN] Closure_21_buggy ...
  [COMPILE] Compiling Closure_21_buggy...
  [DONE] Closure_21_buggy -> 3076 issues found
  [RUN] Closure_22_buggy ...
  [COMPILE] Compiling Closure_22_buggy...
  [DONE] Closure_22_buggy -> 3076 issues found
  [RUN] Closure_23_buggy ...
  [COMPILE] Compiling Closure_23_buggy...
  [DONE] Closure_23_buggy -> 3065 issues found
  [RUN] Closure_24_buggy ...
  [COMPILE] Compiling Closure_24_buggy...
  [DONE] Closure_24_buggy -> 3057 issues found
  [RUN] Closure_25_buggy ...
  [COMPILE] Compiling Closure_25_buggy...
  [DONE] Closure_25_buggy -> 3055 issues found
  [RUN] Closure_26_buggy ...
  [COMPILE] Compiling Closure_26_buggy...
  [DONE] Closure_26_buggy -> 3055 issues found
  [RUN] Closure_27_buggy ...
  [COMPILE] Compiling Closure_27_buggy...
  [DONE] Closure_27_buggy -> 3053 issues found
  [RUN] Closure_28_buggy ...
  [COMPILE] Compiling Closure_28_buggy...
  [DONE] Closure_28_buggy -> 3053 issues found
  [RUN] Closure_29_buggy ...
  [COMPILE] Compiling Closure_29_buggy...
  [DONE] Closure_29_buggy -> 3053 issues found
  [RUN] Closure_30_buggy ...
  [COMPILE] Compiling Closure_30_buggy...
  [DONE] Closure_30_buggy -> 3022 issues found
  [RUN] Closure_31_buggy ...
  [COMPILE] Compiling Closure_31_buggy...
  [DONE] Closure_31_buggy -> 3020 issues found
  [RUN] Closure_32_buggy ...
  [COMPILE] Compiling Closure_32_buggy...
  [DONE] Closure_32_buggy -> 3020 issues found
  [RUN] Closure_33_buggy ...
  [COMPILE] Compiling Closure_33_buggy...
  [DONE] Closure_33_buggy -> 3018 issues found
  [RUN] Closure_34_buggy ...
  [COMPILE] Compiling Closure_34_buggy...
  [DONE] Closure_34_buggy -> 3015 issues found
  [RUN] Closure_35_buggy ...
  [COMPILE] Compiling Closure_35_buggy...
  [DONE] Closure_35_buggy -> 2950 issues found
  [RUN] Closure_36_buggy ...
  [COMPILE] Compiling Closure_36_buggy...
  [DONE] Closure_36_buggy -> 2948 issues found
  [RUN] Closure_37_buggy ...
  [COMPILE] Compiling Closure_37_buggy...
  [DONE] Closure_37_buggy -> 2944 issues found
  [RUN] Closure_38_buggy ...
  [COMPILE] Compiling Closure_38_buggy...
  [DONE] Closure_38_buggy -> 2940 issues found
  [RUN] Closure_39_buggy ...
  [COMPILE] Compiling Closure_39_buggy...
  [DONE] Closure_39_buggy -> 2935 issues found
  [RUN] Closure_40_buggy ...
  [COMPILE] Compiling Closure_40_buggy...
  [DONE] Closure_40_buggy -> 2935 issues found
  [RUN] Closure_41_buggy ...
  [COMPILE] Compiling Closure_41_buggy...
  [DONE] Closure_41_buggy -> 2934 issues found
  [RUN] Closure_42_buggy ...
  [COMPILE] Compiling Closure_42_buggy...
  [DONE] Closure_42_buggy -> 2933 issues found
  [RUN] Closure_43_buggy ...
  [COMPILE] Compiling Closure_43_buggy...
  [DONE] Closure_43_buggy -> 2933 issues found
  [RUN] Closure_44_buggy ...
  [COMPILE] Compiling Closure_44_buggy...
  [DONE] Closure_44_buggy -> 2889 issues found
  [RUN] Closure_45_buggy ...
  [COMPILE] Compiling Closure_45_buggy...
  [DONE] Closure_45_buggy -> 2894 issues found
  [RUN] Closure_46_buggy ...
  [COMPILE] Compiling Closure_46_buggy...
  [DONE] Closure_46_buggy -> 2946 issues found
  [RUN] Closure_47_buggy ...
  [COMPILE] Compiling Closure_47_buggy...
  [DONE] Closure_47_buggy -> 2942 issues found
  [RUN] Closure_48_buggy ...
  [COMPILE] Compiling Closure_48_buggy...
  [DONE] Closure_48_buggy -> 2936 issues found
  [RUN] Closure_49_buggy ...
  [COMPILE] Compiling Closure_49_buggy...
  [DONE] Closure_49_buggy -> 3325 issues found
  [RUN] Closure_50_buggy ...
  [COMPILE] Compiling Closure_50_buggy...
  [DONE] Closure_50_buggy -> 3306 issues found
  [RUN] Closure_51_buggy ...
  [COMPILE] Compiling Closure_51_buggy...
  [DONE] Closure_51_buggy -> 3294 issues found
  [RUN] Closure_52_buggy ...
  [COMPILE] Compiling Closure_52_buggy...
  [DONE] Closure_52_buggy -> 3297 issues found
  [RUN] Closure_53_buggy ...
  [COMPILE] Compiling Closure_53_buggy...
  [DONE] Closure_53_buggy -> 3291 issues found
  [RUN] Closure_54_buggy ...
  [COMPILE] Compiling Closure_54_buggy...
  [DONE] Closure_54_buggy -> 3261 issues found
  [RUN] Closure_55_buggy ...
  [COMPILE] Compiling Closure_55_buggy...
  [DONE] Closure_55_buggy -> 3253 issues found
  [RUN] Closure_56_buggy ...
  [COMPILE] Compiling Closure_56_buggy...
  [DONE] Closure_56_buggy -> 3251 issues found
  [RUN] Closure_57_buggy ...
  [COMPILE] Compiling Closure_57_buggy...
  [DONE] Closure_57_buggy -> 3253 issues found
  [RUN] Closure_58_buggy ...
  [COMPILE] Compiling Closure_58_buggy...
  [DONE] Closure_58_buggy -> 3241 issues found
  [RUN] Closure_59_buggy ...
  [COMPILE] Compiling Closure_59_buggy...
  [DONE] Closure_59_buggy -> 3218 issues found
  [RUN] Closure_60_buggy ...
  [COMPILE] Compiling Closure_60_buggy...
  [DONE] Closure_60_buggy -> 3206 issues found
  [RUN] Closure_61_buggy ...
  [COMPILE] Compiling Closure_61_buggy...
  [DONE] Closure_61_buggy -> 3193 issues found
  [RUN] Closure_62_buggy ...
  [COMPILE] Compiling Closure_62_buggy...
  [DONE] Closure_62_buggy -> 3199 issues found
  [WARNING] Project folder not found: Closure_63_buggy
  [RUN] Closure_64_buggy ...
  [COMPILE] Compiling Closure_64_buggy...
  [DONE] Closure_64_buggy -> 3179 issues found
  [RUN] Closure_65_buggy ...
  [COMPILE] Compiling Closure_65_buggy...
  [DONE] Closure_65_buggy -> 3184 issues found
  [RUN] Closure_66_buggy ...
  [COMPILE] Compiling Closure_66_buggy...
  [DONE] Closure_66_buggy -> 3179 issues found
  [RUN] Closure_67_buggy ...
  [COMPILE] Compiling Closure_67_buggy...
  [DONE] Closure_67_buggy -> 3179 issues found
  [RUN] Closure_68_buggy ...
  [COMPILE] Compiling Closure_68_buggy...
  [DONE] Closure_68_buggy -> 3180 issues found
  [RUN] Closure_69_buggy ...
  [COMPILE] Compiling Closure_69_buggy...
  [DONE] Closure_69_buggy -> 3179 issues found
  [RUN] Closure_70_buggy ...
  [COMPILE] Compiling Closure_70_buggy...
  [DONE] Closure_70_buggy -> 3155 issues found
  [RUN] Closure_71_buggy ...
  [COMPILE] Compiling Closure_71_buggy...
  [DONE] Closure_71_buggy -> 3090 issues found
  [RUN] Closure_72_buggy ...
  [COMPILE] Compiling Closure_72_buggy...
  [DONE] Closure_72_buggy -> 3074 issues found
  [RUN] Closure_73_buggy ...
  [COMPILE] Compiling Closure_73_buggy...
  [DONE] Closure_73_buggy -> 3048 issues found
  [RUN] Closure_74_buggy ...
  [COMPILE] Compiling Closure_74_buggy...
  [DONE] Closure_74_buggy -> 3048 issues found
  [RUN] Closure_75_buggy ...
  [COMPILE] Compiling Closure_75_buggy...
  [DONE] Closure_75_buggy -> 3047 issues found
  [RUN] Closure_76_buggy ...
  [COMPILE] Compiling Closure_76_buggy...
  [DONE] Closure_76_buggy -> 3011 issues found
  [RUN] Closure_77_buggy ...
  [COMPILE] Compiling Closure_77_buggy...
  [DONE] Closure_77_buggy -> 3008 issues found
  [RUN] Closure_78_buggy ...
  [COMPILE] Compiling Closure_78_buggy...
  [DONE] Closure_78_buggy -> 3007 issues found
  [RUN] Closure_79_buggy ...
  [COMPILE] Compiling Closure_79_buggy...
  [DONE] Closure_79_buggy -> 3001 issues found
  [RUN] Closure_80_buggy ...
  [COMPILE] Compiling Closure_80_buggy...
  [DONE] Closure_80_buggy -> 2998 issues found
  [RUN] Closure_81_buggy ...
  [COMPILE] Compiling Closure_81_buggy...
  [DONE] Closure_81_buggy -> 2970 issues found
  [RUN] Closure_82_buggy ...
  [COMPILE] Compiling Closure_82_buggy...
  [DONE] Closure_82_buggy -> 2931 issues found
  [RUN] Closure_83_buggy ...
  [COMPILE] Compiling Closure_83_buggy...
  [DONE] Closure_83_buggy -> 2901 issues found
  [RUN] Closure_84_buggy ...
  [COMPILE] Compiling Closure_84_buggy...
  [DONE] Closure_84_buggy -> 2902 issues found
  [RUN] Closure_85_buggy ...
  [COMPILE] Compiling Closure_85_buggy...
  [DONE] Closure_85_buggy -> 2896 issues found
  [RUN] Closure_86_buggy ...
  [COMPILE] Compiling Closure_86_buggy...
  [DONE] Closure_86_buggy -> 2886 issues found
  [RUN] Closure_87_buggy ...
  [COMPILE] Compiling Closure_87_buggy...
  [DONE] Closure_87_buggy -> 2874 issues found
  [RUN] Closure_88_buggy ...
  [COMPILE] Compiling Closure_88_buggy...
  [DONE] Closure_88_buggy -> 2872 issues found
  [RUN] Closure_89_buggy ...
  [COMPILE] Compiling Closure_89_buggy...
  [DONE] Closure_89_buggy -> 2845 issues found
  [RUN] Closure_90_buggy ...
  [COMPILE] Compiling Closure_90_buggy...
  [DONE] Closure_90_buggy -> 2861 issues found
  [RUN] Closure_91_buggy ...
  [COMPILE] Compiling Closure_91_buggy...
  [DONE] Closure_91_buggy -> 2867 issues found
  [RUN] Closure_92_buggy ...
  [COMPILE] Compiling Closure_92_buggy...
  [DONE] Closure_92_buggy -> 2863 issues found
  [WARNING] Project folder not found: Closure_93_buggy
  [RUN] Closure_94_buggy ...
  [COMPILE] Compiling Closure_94_buggy...
  [DONE] Closure_94_buggy -> 2851 issues found
  [RUN] Closure_95_buggy ...
  [COMPILE] Compiling Closure_95_buggy...
  [DONE] Closure_95_buggy -> 2638 issues found
  [RUN] Closure_96_buggy ...
  [COMPILE] Compiling Closure_96_buggy...
  [DONE] Closure_96_buggy -> 2625 issues found
  [RUN] Closure_97_buggy ...
  [COMPILE] Compiling Closure_97_buggy...
  [DONE] Closure_97_buggy -> 2530 issues found
  [RUN] Closure_98_buggy ...
  [COMPILE] Compiling Closure_98_buggy...
  [DONE] Closure_98_buggy -> 2497 issues found
  [RUN] Closure_99_buggy ...
  [COMPILE] Compiling Closure_99_buggy...
  [DONE] Closure_99_buggy -> 2496 issues found
  [RUN] Closure_100_buggy ...
  [COMPILE] Compiling Closure_100_buggy...
  [DONE] Closure_100_buggy -> 2486 issues found
  [RUN] Closure_101_buggy ...
  [COMPILE] Compiling Closure_101_buggy...
  [DONE] Closure_101_buggy -> 2382 issues found
  [RUN] Closure_102_buggy ...
  [COMPILE] Compiling Closure_102_buggy...
  [DONE] Closure_102_buggy -> 2353 issues found
  [RUN] Closure_103_buggy ...
  [COMPILE] Compiling Closure_103_buggy...
  [DONE] Closure_103_buggy -> 2353 issues found
  [RUN] Closure_104_buggy ...
  [COMPILE] Compiling Closure_104_buggy...
  [DONE] Closure_104_buggy -> 2353 issues found
  [RUN] Closure_105_buggy ...
  [COMPILE] Compiling Closure_105_buggy...
  [DONE] Closure_105_buggy -> 2327 issues found
  [RUN] Closure_106_buggy ...
  [COMPILE] Compiling Closure_106_buggy...
  [DONE] Closure_106_buggy -> 2190 issues found
  [RUN] Closure_107_buggy ...
  [COMPILE] Compiling Closure_107_buggy...
  [DONE] Closure_107_buggy -> 3198 issues found
  [RUN] Closure_108_buggy ...
  [COMPILE] Compiling Closure_108_buggy...
  [DONE] Closure_108_buggy -> 3202 issues found
  [RUN] Closure_109_buggy ...
  [COMPILE] Compiling Closure_109_buggy...
  [DONE] Closure_109_buggy -> 3186 issues found
  [RUN] Closure_110_buggy ...
  [COMPILE] Compiling Closure_110_buggy...
  [DONE] Closure_110_buggy -> 3163 issues found
  [RUN] Closure_111_buggy ...
  [COMPILE] Compiling Closure_111_buggy...
  [DONE] Closure_111_buggy -> 2986 issues found
  [RUN] Closure_112_buggy ...
  [COMPILE] Compiling Closure_112_buggy...
  [DONE] Closure_112_buggy -> 2983 issues found
  [RUN] Closure_113_buggy ...
  [COMPILE] Compiling Closure_113_buggy...
  [DONE] Closure_113_buggy -> 2983 issues found
  [RUN] Closure_114_buggy ...
  [COMPILE] Compiling Closure_114_buggy...
  [DONE] Closure_114_buggy -> 2984 issues found
  [RUN] Closure_115_buggy ...
  [COMPILE] Compiling Closure_115_buggy...
  [DONE] Closure_115_buggy -> 2982 issues found
  [RUN] Closure_116_buggy ...
  [COMPILE] Compiling Closure_116_buggy...
  [DONE] Closure_116_buggy -> 2984 issues found
  [RUN] Closure_117_buggy ...
  [COMPILE] Compiling Closure_117_buggy...
  [DONE] Closure_117_buggy -> 2985 issues found
  [RUN] Closure_118_buggy ...
  [COMPILE] Compiling Closure_118_buggy...
  [DONE] Closure_118_buggy -> 2981 issues found
  [RUN] Closure_119_buggy ...
  [COMPILE] Compiling Closure_119_buggy...
  [DONE] Closure_119_buggy -> 2976 issues found
  [RUN] Closure_120_buggy ...
  [COMPILE] Compiling Closure_120_buggy...
  [DONE] Closure_120_buggy -> 2983 issues found
  [RUN] Closure_121_buggy ...
  [COMPILE] Compiling Closure_121_buggy...
  [DONE] Closure_121_buggy -> 2985 issues found
  [RUN] Closure_122_buggy ...
  [COMPILE] Compiling Closure_122_buggy...
  [DONE] Closure_122_buggy -> 2973 issues found
  [RUN] Closure_123_buggy ...
  [COMPILE] Compiling Closure_123_buggy...
  [DONE] Closure_123_buggy -> 2962 issues found
  [RUN] Closure_124_buggy ...
  [COMPILE] Compiling Closure_124_buggy...
  [DONE] Closure_124_buggy -> 2961 issues found
  [RUN] Closure_125_buggy ...
  [COMPILE] Compiling Closure_125_buggy...
  [DONE] Closure_125_buggy -> 2906 issues found
  [RUN] Closure_126_buggy ...
  [COMPILE] Compiling Closure_126_buggy...
  [DONE] Closure_126_buggy -> 2818 issues found
  [RUN] Closure_127_buggy ...
  [COMPILE] Compiling Closure_127_buggy...
  [DONE] Closure_127_buggy -> 2819 issues found
  [RUN] Closure_128_buggy ...
  [COMPILE] Compiling Closure_128_buggy...
  [DONE] Closure_128_buggy -> 2932 issues found
  [RUN] Closure_129_buggy ...
  [COMPILE] Compiling Closure_129_buggy...
  [DONE] Closure_129_buggy -> 2932 issues found
  [RUN] Closure_130_buggy ...
  [COMPILE] Compiling Closure_130_buggy...
  [DONE] Closure_130_buggy -> 2949 issues found
  [RUN] Closure_131_buggy ...
  [COMPILE] Compiling Closure_131_buggy...
  [DONE] Closure_131_buggy -> 2949 issues found
  [RUN] Closure_132_buggy ...
  [COMPILE] Compiling Closure_132_buggy...
  [DONE] Closure_132_buggy -> 2948 issues found
  [RUN] Closure_133_buggy ...
  [COMPILE] Compiling Closure_133_buggy...
  [DONE] Closure_133_buggy -> 2950 issues found
  [RUN] Closure_134_buggy ...
  [COMPILE] Compiling Closure_134_buggy...
  [DONE] Closure_134_buggy -> 2312 issues found
  [RUN] Closure_135_buggy ...
  [COMPILE] Compiling Closure_135_buggy...
  [DONE] Closure_135_buggy -> 2326 issues found
  [RUN] Closure_136_buggy ...
  [COMPILE] Compiling Closure_136_buggy...
  [DONE] Closure_136_buggy -> 2390 issues found
  [RUN] Closure_137_buggy ...
  [COMPILE] Compiling Closure_137_buggy...
  [DONE] Closure_137_buggy -> 2390 issues found
  [RUN] Closure_138_buggy ...
  [COMPILE] Compiling Closure_138_buggy...
  [DONE] Closure_138_buggy -> 2389 issues found
  [RUN] Closure_139_buggy ...
  [COMPILE] Compiling Closure_139_buggy...
  [DONE] Closure_139_buggy -> 2386 issues found
  [RUN] Closure_140_buggy ...
  [COMPILE] Compiling Closure_140_buggy...
  [DONE] Closure_140_buggy -> 2382 issues found
  [RUN] Closure_141_buggy ...
  [COMPILE] Compiling Closure_141_buggy...
  [DONE] Closure_141_buggy -> 2384 issues found
  [RUN] Closure_142_buggy ...
  [COMPILE] Compiling Closure_142_buggy...
  [DONE] Closure_142_buggy -> 2405 issues found
  [RUN] Closure_143_buggy ...
  [COMPILE] Compiling Closure_143_buggy...
  [DONE] Closure_143_buggy -> 2405 issues found
  [RUN] Closure_144_buggy ...
  [COMPILE] Compiling Closure_144_buggy...
  [DONE] Closure_144_buggy -> 2505 issues found
  [RUN] Closure_145_buggy ...
  [COMPILE] Compiling Closure_145_buggy...
  [DONE] Closure_145_buggy -> 2506 issues found
  [RUN] Closure_146_buggy ...
  [COMPILE] Compiling Closure_146_buggy...
  [DONE] Closure_146_buggy -> 2517 issues found
  [RUN] Closure_147_buggy ...
  [COMPILE] Compiling Closure_147_buggy...
  [DONE] Closure_147_buggy -> 2525 issues found
  [RUN] Closure_148_buggy ...
  [COMPILE] Compiling Closure_148_buggy...
  [DONE] Closure_148_buggy -> 2527 issues found
  [RUN] Closure_149_buggy ...
  [COMPILE] Compiling Closure_149_buggy...
  [DONE] Closure_149_buggy -> 2577 issues found
  [RUN] Closure_150_buggy ...
  [COMPILE] Compiling Closure_150_buggy...
  [DONE] Closure_150_buggy -> 2633 issues found
  [RUN] Closure_151_buggy ...
  [COMPILE] Compiling Closure_151_buggy...
  [DONE] Closure_151_buggy -> 2645 issues found
  [RUN] Closure_152_buggy ...
  [COMPILE] Compiling Closure_152_buggy...
  [DONE] Closure_152_buggy -> 2861 issues found
  [RUN] Closure_153_buggy ...
  [COMPILE] Compiling Closure_153_buggy...
  [DONE] Closure_153_buggy -> 2871 issues found
  [RUN] Closure_154_buggy ...
  [COMPILE] Compiling Closure_154_buggy...
  [DONE] Closure_154_buggy -> 2993 issues found
  [RUN] Closure_155_buggy ...
  [COMPILE] Compiling Closure_155_buggy...
  [DONE] Closure_155_buggy -> 3039 issues found
  [RUN] Closure_156_buggy ...
  [COMPILE] Compiling Closure_156_buggy...
  [DONE] Closure_156_buggy -> 3041 issues found
  [RUN] Closure_157_buggy ...
  [COMPILE] Compiling Closure_157_buggy...
  [DONE] Closure_157_buggy -> 3048 issues found
  [RUN] Closure_158_buggy ...
  [COMPILE] Compiling Closure_158_buggy...
  [DONE] Closure_158_buggy -> 3047 issues found
  [RUN] Closure_159_buggy ...
  [COMPILE] Compiling Closure_159_buggy...
  [DONE] Closure_159_buggy -> 3047 issues found
  [RUN] Closure_160_buggy ...
  [COMPILE] Compiling Closure_160_buggy...
  [DONE] Closure_160_buggy -> 3179 issues found
  [RUN] Closure_161_buggy ...
  [COMPILE] Compiling Closure_161_buggy...
  [DONE] Closure_161_buggy -> 3221 issues found
  [RUN] Closure_162_buggy ...
  [COMPILE] Compiling Closure_162_buggy...
  [DONE] Closure_162_buggy -> 3262 issues found
  [RUN] Closure_163_buggy ...
  [COMPILE] Compiling Closure_163_buggy...
  [DONE] Closure_163_buggy -> 2914 issues found
  [RUN] Closure_164_buggy ...
  [COMPILE] Compiling Closure_164_buggy...
  [DONE] Closure_164_buggy -> 2936 issues found
  [RUN] Closure_165_buggy ...
  [COMPILE] Compiling Closure_165_buggy...
  [DONE] Closure_165_buggy -> 3055 issues found
  [RUN] Closure_166_buggy ...
  [COMPILE] Compiling Closure_166_buggy...
  [DONE] Closure_166_buggy -> 3091 issues found
  [RUN] Closure_167_buggy ...
  [COMPILE] Compiling Closure_167_buggy...
  [DONE] Closure_167_buggy -> 3088 issues found
  [RUN] Closure_168_buggy ...
  [COMPILE] Compiling Closure_168_buggy...
  [DONE] Closure_168_buggy -> 3088 issues found
  [RUN] Closure_169_buggy ...
  [COMPILE] Compiling Closure_169_buggy...
  [DONE] Closure_169_buggy -> 3127 issues found
  [RUN] Closure_170_buggy ...
  [COMPILE] Compiling Closure_170_buggy...
  [DONE] Closure_170_buggy -> 2852 issues found
  [RUN] Closure_171_buggy ...
  [COMPILE] Compiling Closure_171_buggy...
  [DONE] Closure_171_buggy -> 2951 issues found
  [RUN] Closure_172_buggy ...
  [COMPILE] Compiling Closure_172_buggy...
  [DONE] Closure_172_buggy -> 2974 issues found
  [RUN] Closure_173_buggy ...
  [COMPILE] Compiling Closure_173_buggy...
  [DONE] Closure_173_buggy -> 2982 issues found
  [RUN] Closure_174_buggy ...
  [COMPILE] Compiling Closure_174_buggy...
  [DONE] Closure_174_buggy -> 2982 issues found

  --- Summary: Closure ---
  Processed   : 172
  Skipped     : 0
  Warnings    : 2
  Total issues: 504773

############################################
  START: Lang (1 - 61)
############################################
  [RUN] Lang_1_buggy ...
  [COMPILE] Compiling Lang_1_buggy...
  [DONE] Lang_1_buggy -> 786 issues found
  [WARNING] Project folder not found: Lang_2_buggy
  [RUN] Lang_3_buggy ...
  [COMPILE] Compiling Lang_3_buggy...
  [DONE] Lang_3_buggy -> 787 issues found
  [RUN] Lang_4_buggy ...
  [COMPILE] Compiling Lang_4_buggy...
  [DONE] Lang_4_buggy -> 784 issues found
  [RUN] Lang_5_buggy ...
  [COMPILE] Compiling Lang_5_buggy...
  [DONE] Lang_5_buggy -> 781 issues found
  [RUN] Lang_6_buggy ...
  [COMPILE] Compiling Lang_6_buggy...
  [DONE] Lang_6_buggy -> 783 issues found
  [RUN] Lang_7_buggy ...
  [COMPILE] Compiling Lang_7_buggy...
  [DONE] Lang_7_buggy -> 783 issues found
  [RUN] Lang_8_buggy ...
  [COMPILE] Compiling Lang_8_buggy...
  [DONE] Lang_8_buggy -> 784 issues found
  [RUN] Lang_9_buggy ...
  [COMPILE] Compiling Lang_9_buggy...
  [DONE] Lang_9_buggy -> 783 issues found
  [RUN] Lang_10_buggy ...
  [COMPILE] Compiling Lang_10_buggy...
  [DONE] Lang_10_buggy -> 783 issues found
  [RUN] Lang_11_buggy ...
  [COMPILE] Compiling Lang_11_buggy...
  [DONE] Lang_11_buggy -> 771 issues found
  [RUN] Lang_12_buggy ...
  [COMPILE] Compiling Lang_12_buggy...
  [DONE] Lang_12_buggy -> 771 issues found
  [RUN] Lang_13_buggy ...
  [COMPILE] Compiling Lang_13_buggy...
  [DONE] Lang_13_buggy -> 786 issues found
  [RUN] Lang_14_buggy ...
  [COMPILE] Compiling Lang_14_buggy...
  [DONE] Lang_14_buggy -> 760 issues found
  [RUN] Lang_15_buggy ...
  [COMPILE] Compiling Lang_15_buggy...
  [DONE] Lang_15_buggy -> 746 issues found
  [RUN] Lang_16_buggy ...
  [COMPILE] Compiling Lang_16_buggy...
  [DONE] Lang_16_buggy -> 772 issues found
  [RUN] Lang_17_buggy ...
  [COMPILE] Compiling Lang_17_buggy...
  [DONE] Lang_17_buggy -> 763 issues found
  [WARNING] Project folder not found: Lang_18_buggy
  [RUN] Lang_19_buggy ...
  [COMPILE] Compiling Lang_19_buggy...
  [DONE] Lang_19_buggy -> 764 issues found
  [RUN] Lang_20_buggy ...
  [COMPILE] Compiling Lang_20_buggy...
  [DONE] Lang_20_buggy -> 763 issues found
  [RUN] Lang_21_buggy ...
  [COMPILE] Compiling Lang_21_buggy...
  [DONE] Lang_21_buggy -> 749 issues found
  [RUN] Lang_22_buggy ...
  [COMPILE] Compiling Lang_22_buggy...
  [DONE] Lang_22_buggy -> 750 issues found
  [RUN] Lang_23_buggy ...
  [COMPILE] Compiling Lang_23_buggy...
  [DONE] Lang_23_buggy -> 748 issues found
  [RUN] Lang_24_buggy ...
  [COMPILE] Compiling Lang_24_buggy...
  [DONE] Lang_24_buggy -> 746 issues found
  [WARNING] Project folder not found: Lang_25_buggy
  [RUN] Lang_26_buggy ...
  [COMPILE] Compiling Lang_26_buggy...
  [DONE] Lang_26_buggy -> 739 issues found
  [RUN] Lang_27_buggy ...
  [COMPILE] Compiling Lang_27_buggy...
  [DONE] Lang_27_buggy -> 736 issues found
  [RUN] Lang_28_buggy ...
  [COMPILE] Compiling Lang_28_buggy...
  [DONE] Lang_28_buggy -> 722 issues found
  [RUN] Lang_29_buggy ...
  [COMPILE] Compiling Lang_29_buggy...
  [DONE] Lang_29_buggy -> 726 issues found
  [RUN] Lang_30_buggy ...
  [COMPILE] Compiling Lang_30_buggy...
  [DONE] Lang_30_buggy -> 713 issues found
  [RUN] Lang_31_buggy ...
  [COMPILE] Compiling Lang_31_buggy...
  [DONE] Lang_31_buggy -> 712 issues found
  [RUN] Lang_32_buggy ...
  [COMPILE] Compiling Lang_32_buggy...
  [DONE] Lang_32_buggy -> 717 issues found
  [RUN] Lang_33_buggy ...
  [COMPILE] Compiling Lang_33_buggy...
  [DONE] Lang_33_buggy -> 717 issues found
  [RUN] Lang_34_buggy ...
  [COMPILE] Compiling Lang_34_buggy...
  [DONE] Lang_34_buggy -> 718 issues found
  [RUN] Lang_35_buggy ...
  [COMPILE] Compiling Lang_35_buggy...
  [DONE] Lang_35_buggy -> 723 issues found
  [RUN] Lang_36_buggy ...
  [COMPILE] Compiling Lang_36_buggy...
  [DONE] Lang_36_buggy -> 724 issues found
  [RUN] Lang_37_buggy ...
  [COMPILE] Compiling Lang_37_buggy...
  [DONE] Lang_37_buggy -> 722 issues found
  [RUN] Lang_38_buggy ...
  [COMPILE] Compiling Lang_38_buggy...
  [DONE] Lang_38_buggy -> 718 issues found
  [RUN] Lang_39_buggy ...
  [COMPILE] Compiling Lang_39_buggy...
  [DONE] Lang_39_buggy -> 720 issues found
  [RUN] Lang_40_buggy ...
  [COMPILE] Compiling Lang_40_buggy...
  [DONE] Lang_40_buggy -> 781 issues found
  [RUN] Lang_41_buggy ...
  [COMPILE] Compiling Lang_41_buggy...
  [DONE] Lang_41_buggy -> 804 issues found
  [RUN] Lang_42_buggy ...
  [COMPILE] Compiling Lang_42_buggy...
  [DONE] Lang_42_buggy -> 1507 issues found
  [RUN] Lang_43_buggy ...
  [COMPILE] Compiling Lang_43_buggy...
  [DONE] Lang_43_buggy -> 1507 issues found
  [RUN] Lang_44_buggy ...
  [COMPILE] Compiling Lang_44_buggy...
  [DONE] Lang_44_buggy -> 1507 issues found
  [RUN] Lang_45_buggy ...
  [COMPILE] Compiling Lang_45_buggy...
  [DONE] Lang_45_buggy -> 1511 issues found
  [RUN] Lang_46_buggy ...
  [COMPILE] Compiling Lang_46_buggy...
  [DONE] Lang_46_buggy -> 1417 issues found
  [RUN] Lang_47_buggy ...
  [COMPILE] Compiling Lang_47_buggy...
  [DONE] Lang_47_buggy -> 1459 issues found
  [WARNING] Project folder not found: Lang_48_buggy
  [RUN] Lang_49_buggy ...
  [COMPILE] Compiling Lang_49_buggy...
  [DONE] Lang_49_buggy -> 1425 issues found
  [RUN] Lang_50_buggy ...
  [COMPILE] Compiling Lang_50_buggy...
  [DONE] Lang_50_buggy -> 1415 issues found
  [RUN] Lang_51_buggy ...
  [COMPILE] Compiling Lang_51_buggy...
  [DONE] Lang_51_buggy -> 1345 issues found
  [RUN] Lang_52_buggy ...
  [COMPILE] Compiling Lang_52_buggy...
  [DONE] Lang_52_buggy -> 1345 issues found
  [RUN] Lang_53_buggy ...
  [COMPILE] Compiling Lang_53_buggy...
  [DONE] Lang_53_buggy -> 1338 issues found
  [RUN] Lang_54_buggy ...
  [COMPILE] Compiling Lang_54_buggy...
  [DONE] Lang_54_buggy -> 1342 issues found
  [RUN] Lang_55_buggy ...
  [COMPILE] Compiling Lang_55_buggy...
  [DONE] Lang_55_buggy -> 1342 issues found
  [RUN] Lang_56_buggy ...
  [COMPILE] Compiling Lang_56_buggy...
  [DONE] Lang_56_buggy -> 1342 issues found
  [RUN] Lang_57_buggy ...
  [COMPILE] Compiling Lang_57_buggy...
  [DONE] Lang_57_buggy -> 1337 issues found
  [RUN] Lang_58_buggy ...
  [COMPILE] Compiling Lang_58_buggy...
  [DONE] Lang_58_buggy -> 1342 issues found
  [RUN] Lang_59_buggy ...
  [COMPILE] Compiling Lang_59_buggy...
  [DONE] Lang_59_buggy -> 1339 issues found
  [RUN] Lang_60_buggy ...
  [COMPILE] Compiling Lang_60_buggy...
  [DONE] Lang_60_buggy -> 1334 issues found
  [RUN] Lang_61_buggy ...
  [COMPILE] Compiling Lang_61_buggy...
  [DONE] Lang_61_buggy -> 1334 issues found

  --- Summary: Lang ---
  Processed   : 57
  Skipped     : 0
  Warnings    : 4
  Total issues: 55123

############################################
  START: Math (1 - 106)
############################################
  [RUN] Math_1_buggy ...
  [COMPILE] Compiling Math_1_buggy...
  [DONE] Math_1_buggy -> 2175 issues found
  [RUN] Math_2_buggy ...
  [COMPILE] Compiling Math_2_buggy...
  [DONE] Math_2_buggy -> 2133 issues found
  [RUN] Math_3_buggy ...
  [COMPILE] Compiling Math_3_buggy...
  [DONE] Math_3_buggy -> 2118 issues found
  [RUN] Math_4_buggy ...
  [COMPILE] Compiling Math_4_buggy...
  [DONE] Math_4_buggy -> 2115 issues found
  [RUN] Math_5_buggy ...
  [COMPILE] Compiling Math_5_buggy...
  [DONE] Math_5_buggy -> 2114 issues found
  [RUN] Math_6_buggy ...
  [COMPILE] Compiling Math_6_buggy...
  [DONE] Math_6_buggy -> 2103 issues found
  [RUN] Math_7_buggy ...
  [COMPILE] Compiling Math_7_buggy...
  [DONE] Math_7_buggy -> 2102 issues found
  [RUN] Math_8_buggy ...
  [COMPILE] Compiling Math_8_buggy...
  [DONE] Math_8_buggy -> 2082 issues found
  [RUN] Math_9_buggy ...
  [COMPILE] Compiling Math_9_buggy...
  [DONE] Math_9_buggy -> 2083 issues found
  [RUN] Math_10_buggy ...
  [COMPILE] Compiling Math_10_buggy...
  [DONE] Math_10_buggy -> 2017 issues found
  [RUN] Math_11_buggy ...
  [COMPILE] Compiling Math_11_buggy...
  [DONE] Math_11_buggy -> 2015 issues found
  [RUN] Math_12_buggy ...
  [COMPILE] Compiling Math_12_buggy...
  [DONE] Math_12_buggy -> 2016 issues found
  [RUN] Math_13_buggy ...
  [COMPILE] Compiling Math_13_buggy...
  [DONE] Math_13_buggy -> 2017 issues found
  [RUN] Math_14_buggy ...
  [COMPILE] Compiling Math_14_buggy...
  [DONE] Math_14_buggy -> 2017 issues found
  [RUN] Math_15_buggy ...
  [COMPILE] Compiling Math_15_buggy...
  [DONE] Math_15_buggy -> 1805 issues found
  [RUN] Math_16_buggy ...
  [COMPILE] Compiling Math_16_buggy...
  [DONE] Math_16_buggy -> 1805 issues found
  [RUN] Math_17_buggy ...
  [COMPILE] Compiling Math_17_buggy...
  [DONE] Math_17_buggy -> 1704 issues found
  [RUN] Math_18_buggy ...
  [COMPILE] Compiling Math_18_buggy...
  [DONE] Math_18_buggy -> 1661 issues found
  [RUN] Math_19_buggy ...
  [COMPILE] Compiling Math_19_buggy...
  [DONE] Math_19_buggy -> 1649 issues found
  [RUN] Math_20_buggy ...
  [COMPILE] Compiling Math_20_buggy...
  [DONE] Math_20_buggy -> 1650 issues found
  [RUN] Math_21_buggy ...
  [COMPILE] Compiling Math_21_buggy...
  [DONE] Math_21_buggy -> 1618 issues found
  [RUN] Math_22_buggy ...
  [COMPILE] Compiling Math_22_buggy...
  [DONE] Math_22_buggy -> 1578 issues found
  [RUN] Math_23_buggy ...
  [COMPILE] Compiling Math_23_buggy...
  [DONE] Math_23_buggy -> 1574 issues found
  [RUN] Math_24_buggy ...
  [COMPILE] Compiling Math_24_buggy...
  [DONE] Math_24_buggy -> 1575 issues found
  [RUN] Math_25_buggy ...
  [COMPILE] Compiling Math_25_buggy...
  [DONE] Math_25_buggy -> 1540 issues found
  [RUN] Math_26_buggy ...
  [COMPILE] Compiling Math_26_buggy...
  [DONE] Math_26_buggy -> 1529 issues found
  [RUN] Math_27_buggy ...
  [COMPILE] Compiling Math_27_buggy...
  [DONE] Math_27_buggy -> 1529 issues found
  [RUN] Math_28_buggy ...
  [COMPILE] Compiling Math_28_buggy...
  [DONE] Math_28_buggy -> 1529 issues found
  [RUN] Math_29_buggy ...
  [COMPILE] Compiling Math_29_buggy...
  [DONE] Math_29_buggy -> 1477 issues found
  [RUN] Math_30_buggy ...
  [COMPILE] Compiling Math_30_buggy...
  [DONE] Math_30_buggy -> 1469 issues found
  [RUN] Math_31_buggy ...
  [COMPILE] Compiling Math_31_buggy...
  [DONE] Math_31_buggy -> 1436 issues found
  [RUN] Math_32_buggy ...
  [COMPILE] Compiling Math_32_buggy...
  [DONE] Math_32_buggy -> 1437 issues found
  [RUN] Math_33_buggy ...
  [COMPILE] Compiling Math_33_buggy...
  [DONE] Math_33_buggy -> 1418 issues found
  [RUN] Math_34_buggy ...
  [COMPILE] Compiling Math_34_buggy...
  [DONE] Math_34_buggy -> 1419 issues found
  [RUN] Math_35_buggy ...
  [COMPILE] Compiling Math_35_buggy...
  [DONE] Math_35_buggy -> 1417 issues found
  [RUN] Math_36_buggy ...
  [COMPILE] Compiling Math_36_buggy...
  [DONE] Math_36_buggy -> 1449 issues found
  [RUN] Math_37_buggy ...
  [COMPILE] Compiling Math_37_buggy...
  [DONE] Math_37_buggy -> 1574 issues found
  [RUN] Math_38_buggy ...
  [COMPILE] Compiling Math_38_buggy...
  [DONE] Math_38_buggy -> 1590 issues found
  [RUN] Math_39_buggy ...
  [COMPILE] Compiling Math_39_buggy...
  [DONE] Math_39_buggy -> 1591 issues found
  [RUN] Math_40_buggy ...
  [COMPILE] Compiling Math_40_buggy...
  [DONE] Math_40_buggy -> 1596 issues found
  [RUN] Math_41_buggy ...
  [COMPILE] Compiling Math_41_buggy...
  [DONE] Math_41_buggy -> 1673 issues found
  [RUN] Math_42_buggy ...
  [COMPILE] Compiling Math_42_buggy...
  [DONE] Math_42_buggy -> 1673 issues found
  [RUN] Math_43_buggy ...
  [COMPILE] Compiling Math_43_buggy...
  [DONE] Math_43_buggy -> 1672 issues found
  [RUN] Math_44_buggy ...
  [COMPILE] Compiling Math_44_buggy...
  [DONE] Math_44_buggy -> 1714 issues found
  [RUN] Math_45_buggy ...
  [COMPILE] Compiling Math_45_buggy...
  [DONE] Math_45_buggy -> 1704 issues found
  [RUN] Math_46_buggy ...
  [COMPILE] Compiling Math_46_buggy...
  [DONE] Math_46_buggy -> 1646 issues found
  [RUN] Math_47_buggy ...
  [COMPILE] Compiling Math_47_buggy...
  [DONE] Math_47_buggy -> 1646 issues found
  [RUN] Math_48_buggy ...
  [COMPILE] Compiling Math_48_buggy...
  [DONE] Math_48_buggy -> 1649 issues found
  [RUN] Math_49_buggy ...
  [COMPILE] Compiling Math_49_buggy...
  [DONE] Math_49_buggy -> 1719 issues found
  [RUN] Math_50_buggy ...
  [COMPILE] Compiling Math_50_buggy...
  [DONE] Math_50_buggy -> 1721 issues found
  [RUN] Math_51_buggy ...
  [COMPILE] Compiling Math_51_buggy...
  [DONE] Math_51_buggy -> 1721 issues found
  [RUN] Math_52_buggy ...
  [COMPILE] Compiling Math_52_buggy...
  [DONE] Math_52_buggy -> 1577 issues found
  [RUN] Math_53_buggy ...
  [COMPILE] Compiling Math_53_buggy...
  [DONE] Math_53_buggy -> 1521 issues found
  [RUN] Math_54_buggy ...
  [COMPILE] Compiling Math_54_buggy...
  [DONE] Math_54_buggy -> 1323 issues found
  [RUN] Math_55_buggy ...
  [COMPILE] Compiling Math_55_buggy...
  [DONE] Math_55_buggy -> 1317 issues found
  [RUN] Math_56_buggy ...
  [COMPILE] Compiling Math_56_buggy...
  [DONE] Math_56_buggy -> 1317 issues found
  [RUN] Math_57_buggy ...
  [COMPILE] Compiling Math_57_buggy...
  [DONE] Math_57_buggy -> 1356 issues found
  [RUN] Math_58_buggy ...
  [COMPILE] Compiling Math_58_buggy...
  [DONE] Math_58_buggy -> 1340 issues found
  [RUN] Math_59_buggy ...
  [COMPILE] Compiling Math_59_buggy...
  [DONE] Math_59_buggy -> 1318 issues found
  [RUN] Math_60_buggy ...
  [COMPILE] Compiling Math_60_buggy...
  [DONE] Math_60_buggy -> 1320 issues found
  [RUN] Math_61_buggy ...
  [COMPILE] Compiling Math_61_buggy...
  [DONE] Math_61_buggy -> 1602 issues found
  [RUN] Math_62_buggy ...
  [COMPILE] Compiling Math_62_buggy...
  [DONE] Math_62_buggy -> 1554 issues found
  [RUN] Math_63_buggy ...
  [COMPILE] Compiling Math_63_buggy...
  [DONE] Math_63_buggy -> 1487 issues found
  [RUN] Math_64_buggy ...
  [COMPILE] Compiling Math_64_buggy...
  [DONE] Math_64_buggy -> 1309 issues found
  [RUN] Math_65_buggy ...
  [COMPILE] Compiling Math_65_buggy...
  [DONE] Math_65_buggy -> 1298 issues found
  [RUN] Math_66_buggy ...
  [COMPILE] Compiling Math_66_buggy...
  [DONE] Math_66_buggy -> 1329 issues found
  [RUN] Math_67_buggy ...
  [COMPILE] Compiling Math_67_buggy...
  [DONE] Math_67_buggy -> 1289 issues found
  [RUN] Math_68_buggy ...
  [COMPILE] Compiling Math_68_buggy...
  [DONE] Math_68_buggy -> 1222 issues found
  [RUN] Math_69_buggy ...
  [COMPILE] Compiling Math_69_buggy...
  [DONE] Math_69_buggy -> 1226 issues found
  [RUN] Math_70_buggy ...
  [COMPILE] Compiling Math_70_buggy...
  [DONE] Math_70_buggy -> 1227 issues found
  [RUN] Math_71_buggy ...
  [COMPILE] Compiling Math_71_buggy...
  [DONE] Math_71_buggy -> 1209 issues found
  [RUN] Math_72_buggy ...
  [COMPILE] Compiling Math_72_buggy...
  [DONE] Math_72_buggy -> 1107 issues found
  [RUN] Math_73_buggy ...
  [COMPILE] Compiling Math_73_buggy...
  [DONE] Math_73_buggy -> 1107 issues found
  [RUN] Math_74_buggy ...
  [COMPILE] Compiling Math_74_buggy...
  [DONE] Math_74_buggy -> 1119 issues found
  [RUN] Math_75_buggy ...
  [COMPILE] Compiling Math_75_buggy...
  [DONE] Math_75_buggy -> 1201 issues found
  [RUN] Math_76_buggy ...
  [COMPILE] Compiling Math_76_buggy...
  [DONE] Math_76_buggy -> 1201 issues found
  [RUN] Math_77_buggy ...
  [COMPILE] Compiling Math_77_buggy...
  [DONE] Math_77_buggy -> 1195 issues found
  [RUN] Math_78_buggy ...
  [COMPILE] Compiling Math_78_buggy...
  [DONE] Math_78_buggy -> 1111 issues found
  [RUN] Math_79_buggy ...
  [COMPILE] Compiling Math_79_buggy...
  [DONE] Math_79_buggy -> 1122 issues found
  [RUN] Math_80_buggy ...
  [COMPILE] Compiling Math_80_buggy...
  [DONE] Math_80_buggy -> 1121 issues found
  [RUN] Math_81_buggy ...
  [COMPILE] Compiling Math_81_buggy...
  [DONE] Math_81_buggy -> 1121 issues found
  [RUN] Math_82_buggy ...
  [COMPILE] Compiling Math_82_buggy...
  [DONE] Math_82_buggy -> 1306 issues found
  [RUN] Math_83_buggy ...
  [COMPILE] Compiling Math_83_buggy...
  [DONE] Math_83_buggy -> 1308 issues found
  [RUN] Math_84_buggy ...
  [COMPILE] Compiling Math_84_buggy...
  [DONE] Math_84_buggy -> 1307 issues found
  [RUN] Math_85_buggy ...
  [COMPILE] Compiling Math_85_buggy...
  [DONE] Math_85_buggy -> 1327 issues found
  [RUN] Math_86_buggy ...
  [COMPILE] Compiling Math_86_buggy...
  [DONE] Math_86_buggy -> 1297 issues found
  [RUN] Math_87_buggy ...
  [COMPILE] Compiling Math_87_buggy...
  [DONE] Math_87_buggy -> 1297 issues found
  [RUN] Math_88_buggy ...
  [COMPILE] Compiling Math_88_buggy...
  [DONE] Math_88_buggy -> 1296 issues found
  [RUN] Math_89_buggy ...
  [COMPILE] Compiling Math_89_buggy...
  [DONE] Math_89_buggy -> 1000 issues found
  [RUN] Math_90_buggy ...
  [COMPILE] Compiling Math_90_buggy...
  [DONE] Math_90_buggy -> 1004 issues found
  [RUN] Math_91_buggy ...
  [COMPILE] Compiling Math_91_buggy...
  [DONE] Math_91_buggy -> 1319 issues found
  [RUN] Math_92_buggy ...
  [COMPILE] Compiling Math_92_buggy...
  [DONE] Math_92_buggy -> 1224 issues found
  [RUN] Math_93_buggy ...
  [COMPILE] Compiling Math_93_buggy...
  [DONE] Math_93_buggy -> 1222 issues found
  [RUN] Math_94_buggy ...
  [COMPILE] Compiling Math_94_buggy...
  [DONE] Math_94_buggy -> 1198 issues found
  [RUN] Math_95_buggy ...
  [COMPILE] Compiling Math_95_buggy...
  [DONE] Math_95_buggy -> 970 issues found
  [RUN] Math_96_buggy ...
  [COMPILE] Compiling Math_96_buggy...
  [DONE] Math_96_buggy -> 958 issues found
  [RUN] Math_97_buggy ...
  [COMPILE] Compiling Math_97_buggy...
  [DONE] Math_97_buggy -> 910 issues found
  [RUN] Math_98_buggy ...
  [COMPILE] Compiling Math_98_buggy...
  [DONE] Math_98_buggy -> 902 issues found
  [RUN] Math_99_buggy ...
  [COMPILE] Compiling Math_99_buggy...
  [DONE] Math_99_buggy -> 1256 issues found
  [RUN] Math_100_buggy ...
  [COMPILE] Compiling Math_100_buggy...
  [DONE] Math_100_buggy -> 1244 issues found
  [RUN] Math_101_buggy ...
  [COMPILE] Compiling Math_101_buggy...
  [DONE] Math_101_buggy -> 1240 issues found
  [RUN] Math_102_buggy ...
  [COMPILE] Compiling Math_102_buggy...
  [DONE] Math_102_buggy -> 1034 issues found
  [RUN] Math_103_buggy ...
  [COMPILE] Compiling Math_103_buggy...
  [DONE] Math_103_buggy -> 966 issues found
  [RUN] Math_104_buggy ...
  [COMPILE] Compiling Math_104_buggy...
  [DONE] Math_104_buggy -> 957 issues found
  [RUN] Math_105_buggy ...
  [COMPILE] Compiling Math_105_buggy...
  [DONE] Math_105_buggy -> 630 issues found
  [RUN] Math_106_buggy ...
  [COMPILE] Compiling Math_106_buggy...
  [DONE] Math_106_buggy -> 532 issues found

  --- Summary: Math ---
  Processed   : 106
  Skipped     : 0
  Warnings    : 0
  Total issues: 154514

############################################
  START: Time (1 - 26)
############################################
  [RUN] Time_1_buggy ...
  [COMPILE] Compiling Time_1_buggy...
  [DONE] Time_1_buggy -> 1117 issues found
  [RUN] Time_2_buggy ...
  [COMPILE] Compiling Time_2_buggy...
  [DONE] Time_2_buggy -> 1118 issues found
  [RUN] Time_3_buggy ...
  [COMPILE] Compiling Time_3_buggy...
  [DONE] Time_3_buggy -> 1118 issues found
  [RUN] Time_4_buggy ...
  [COMPILE] Compiling Time_4_buggy...
  [DONE] Time_4_buggy -> 1118 issues found
  [RUN] Time_5_buggy ...
  [COMPILE] Compiling Time_5_buggy...
  [DONE] Time_5_buggy -> 1117 issues found
  [RUN] Time_6_buggy ...
  [COMPILE] Compiling Time_6_buggy...
  [DONE] Time_6_buggy -> 1116 issues found
  [RUN] Time_7_buggy ...
  [COMPILE] Compiling Time_7_buggy...
  [DONE] Time_7_buggy -> 1114 issues found
  [RUN] Time_8_buggy ...
  [COMPILE] Compiling Time_8_buggy...
  [DONE] Time_8_buggy -> 1110 issues found
  [RUN] Time_9_buggy ...
  [COMPILE] Compiling Time_9_buggy...
  [DONE] Time_9_buggy -> 1110 issues found
  [RUN] Time_10_buggy ...
  [COMPILE] Compiling Time_10_buggy...
  [DONE] Time_10_buggy -> 1110 issues found
  [RUN] Time_11_buggy ...
  [COMPILE] Compiling Time_11_buggy...
  [DONE] Time_11_buggy -> 1109 issues found
  [RUN] Time_12_buggy ...
  [COMPILE] Compiling Time_12_buggy...
  [DONE] Time_12_buggy -> 1109 issues found
  [RUN] Time_13_buggy ...
  [COMPILE] Compiling Time_13_buggy...
  [DONE] Time_13_buggy -> 1109 issues found
  [RUN] Time_14_buggy ...
  [COMPILE] Compiling Time_14_buggy...
  [DONE] Time_14_buggy -> 1115 issues found
  [RUN] Time_15_buggy ...
  [COMPILE] Compiling Time_15_buggy...
  [DONE] Time_15_buggy -> 1114 issues found
  [RUN] Time_16_buggy ...
  [COMPILE] Compiling Time_16_buggy...
  [DONE] Time_16_buggy -> 1114 issues found
  [RUN] Time_17_buggy ...
  [COMPILE] Compiling Time_17_buggy...
  [DONE] Time_17_buggy -> 1113 issues found
  [RUN] Time_18_buggy ...
  [COMPILE] Compiling Time_18_buggy...
  [DONE] Time_18_buggy -> 1111 issues found
  [RUN] Time_19_buggy ...
  [COMPILE] Compiling Time_19_buggy...
  [DONE] Time_19_buggy -> 1111 issues found
  [RUN] Time_20_buggy ...
  [COMPILE] Compiling Time_20_buggy...
  [DONE] Time_20_buggy -> 1110 issues found
  [WARNING] Project folder not found: Time_21_buggy
  [RUN] Time_22_buggy ...
  [COMPILE] Compiling Time_22_buggy...
  [DONE] Time_22_buggy -> 1160 issues found
  [RUN] Time_23_buggy ...
  [COMPILE] Compiling Time_23_buggy...
  [DONE] Time_23_buggy -> 1159 issues found
  [RUN] Time_24_buggy ...
  [COMPILE] Compiling Time_24_buggy...
  [DONE] Time_24_buggy -> 1159 issues found
  [RUN] Time_25_buggy ...
  [COMPILE] Compiling Time_25_buggy...
  [DONE] Time_25_buggy -> 1155 issues found
  [RUN] Time_26_buggy ...
  [COMPILE] Compiling Time_26_buggy...
  [DONE] Time_26_buggy -> 1155 issues found

  --- Summary: Time ---
  Processed   : 25
  Skipped     : 0
  Warnings    : 1
  Total issues: 28051

============================================
  COMPLETED - Overall Summary
============================================
  Total processed   : 386 projects
  Total skipped     : 0 projects
  Total warnings    : 7 projects
  Total issues      : 868426 issues
  Total JSON files  : 386 files
============================================
