============================================
  SpotBugs Automation - Defects4J Dataset
============================================

############################################
  START: Chart (1 - 26)
############################################
  [RUN] Chart_1_buggy ...
  [DONE] Chart_1_buggy -> 998 bugs found
  [RUN] Chart_2_buggy ...
  [DONE] Chart_2_buggy -> 995 bugs found
  [RUN] Chart_3_buggy ...
  [DONE] Chart_3_buggy -> 996 bugs found
  [RUN] Chart_4_buggy ...
  [DONE] Chart_4_buggy -> 967 bugs found
  [RUN] Chart_5_buggy ...
  [DONE] Chart_5_buggy -> 911 bugs found
  [RUN] Chart_6_buggy ...
  [DONE] Chart_6_buggy -> 928 bugs found
  [RUN] Chart_7_buggy ...
  [DONE] Chart_7_buggy -> 931 bugs found
  [RUN] Chart_8_buggy ...
  [DONE] Chart_8_buggy -> 931 bugs found
  [RUN] Chart_9_buggy ...
  [DONE] Chart_9_buggy -> 935 bugs found
  [RUN] Chart_10_buggy ...
  [DONE] Chart_10_buggy -> 941 bugs found
  [RUN] Chart_11_buggy ...
  [DONE] Chart_11_buggy -> 940 bugs found
  [RUN] Chart_12_buggy ...
  [DONE] Chart_12_buggy -> 940 bugs found
  [RUN] Chart_13_buggy ...
  [DONE] Chart_13_buggy -> 940 bugs found
  [RUN] Chart_14_buggy ...
  [DONE] Chart_14_buggy -> 941 bugs found
  [RUN] Chart_15_buggy ...
  [DONE] Chart_15_buggy -> 945 bugs found
  [RUN] Chart_16_buggy ...
  [DONE] Chart_16_buggy -> 945 bugs found
  [RUN] Chart_17_buggy ...
  [DONE] Chart_17_buggy -> 945 bugs found
  [RUN] Chart_18_buggy ...
  [DONE] Chart_18_buggy -> 945 bugs found
  [RUN] Chart_19_buggy ...
  [DONE] Chart_19_buggy -> 950 bugs found
  [RUN] Chart_20_buggy ...
  [DONE] Chart_20_buggy -> 949 bugs found
  [RUN] Chart_21_buggy ...
  [DONE] Chart_21_buggy -> 949 bugs found
  [RUN] Chart_22_buggy ...
  [DONE] Chart_22_buggy -> 950 bugs found
  [RUN] Chart_23_buggy ...
  [DONE] Chart_23_buggy -> 949 bugs found
  [RUN] Chart_24_buggy ...
  [DONE] Chart_24_buggy -> 951 bugs found
  [RUN] Chart_25_buggy ...
  [DONE] Chart_25_buggy -> 950 bugs found
  [RUN] Chart_26_buggy ...
  [DONE] Chart_26_buggy -> 942 bugs found

  --- Summary: Chart ---
  Processed : 26
  Skipped   : 0
  Warnings  : 0
  Total bugs: 24664

############################################
  START: Closure (1 - 174)
############################################
  [RUN] Closure_1_buggy ...
  [DONE] Closure_1_buggy -> 559 bugs found
  [RUN] Closure_2_buggy ...
  [DONE] Closure_2_buggy -> 560 bugs found
  [RUN] Closure_3_buggy ...
  [DONE] Closure_3_buggy -> 562 bugs found
  [RUN] Closure_4_buggy ...
  [DONE] Closure_4_buggy -> 561 bugs found
  [RUN] Closure_5_buggy ...
  [DONE] Closure_5_buggy -> 559 bugs found
  [RUN] Closure_6_buggy ...
  [DONE] Closure_6_buggy -> 569 bugs found
  [RUN] Closure_7_buggy ...
  [DONE] Closure_7_buggy -> 565 bugs found
  [RUN] Closure_8_buggy ...
  [DONE] Closure_8_buggy -> 561 bugs found
  [RUN] Closure_9_buggy ...
  [DONE] Closure_9_buggy -> 561 bugs found
  [RUN] Closure_10_buggy ...
  [DONE] Closure_10_buggy -> 558 bugs found
  [RUN] Closure_11_buggy ...
  [DONE] Closure_11_buggy -> 557 bugs found
  [RUN] Closure_12_buggy ...
  [DONE] Closure_12_buggy -> 559 bugs found
  [RUN] Closure_13_buggy ...
  [DONE] Closure_13_buggy -> 560 bugs found
  [RUN] Closure_14_buggy ...
  [DONE] Closure_14_buggy -> 561 bugs found
  [RUN] Closure_15_buggy ...
  [DONE] Closure_15_buggy -> 560 bugs found
  [RUN] Closure_16_buggy ...
  [DONE] Closure_16_buggy -> 560 bugs found
  [RUN] Closure_17_buggy ...
  [DONE] Closure_17_buggy -> 560 bugs found
  [RUN] Closure_18_buggy ...
  [DONE] Closure_18_buggy -> 560 bugs found
  [RUN] Closure_19_buggy ...
  [DONE] Closure_19_buggy -> 560 bugs found
  [RUN] Closure_20_buggy ...
  [DONE] Closure_20_buggy -> 560 bugs found
  [RUN] Closure_21_buggy ...
  [DONE] Closure_21_buggy -> 560 bugs found
  [RUN] Closure_22_buggy ...
  [DONE] Closure_22_buggy -> 560 bugs found
  [RUN] Closure_23_buggy ...
  [DONE] Closure_23_buggy -> 556 bugs found
  [RUN] Closure_24_buggy ...
  [DONE] Closure_24_buggy -> 555 bugs found
  [RUN] Closure_25_buggy ...
  [DONE] Closure_25_buggy -> 554 bugs found
  [RUN] Closure_26_buggy ...
  [DONE] Closure_26_buggy -> 554 bugs found
  [RUN] Closure_27_buggy ...
  [DONE] Closure_27_buggy -> 554 bugs found
  [RUN] Closure_28_buggy ...
  [DONE] Closure_28_buggy -> 554 bugs found
  [RUN] Closure_29_buggy ...
  [DONE] Closure_29_buggy -> 554 bugs found
  [RUN] Closure_30_buggy ...
  [DONE] Closure_30_buggy -> 551 bugs found
  [RUN] Closure_31_buggy ...
  [DONE] Closure_31_buggy -> 551 bugs found
  [RUN] Closure_32_buggy ...
  [DONE] Closure_32_buggy -> 549 bugs found
  [RUN] Closure_33_buggy ...
  [DONE] Closure_33_buggy -> 548 bugs found
  [RUN] Closure_34_buggy ...
  [DONE] Closure_34_buggy -> 549 bugs found
  [RUN] Closure_35_buggy ...
  [DONE] Closure_35_buggy -> 537 bugs found
  [RUN] Closure_36_buggy ...
  [DONE] Closure_36_buggy -> 537 bugs found
  [RUN] Closure_37_buggy ...
  [DONE] Closure_37_buggy -> 537 bugs found
  [RUN] Closure_38_buggy ...
  [DONE] Closure_38_buggy -> 536 bugs found
  [RUN] Closure_39_buggy ...
  [DONE] Closure_39_buggy -> 534 bugs found
  [RUN] Closure_40_buggy ...
  [DONE] Closure_40_buggy -> 534 bugs found
  [RUN] Closure_41_buggy ...
  [DONE] Closure_41_buggy -> 533 bugs found
  [RUN] Closure_42_buggy ...
  [DONE] Closure_42_buggy -> 533 bugs found
  [RUN] Closure_43_buggy ...
  [DONE] Closure_43_buggy -> 533 bugs found
  [RUN] Closure_44_buggy ...
  [DONE] Closure_44_buggy -> 451 bugs found
  [RUN] Closure_45_buggy ...
  [DONE] Closure_45_buggy -> 451 bugs found
  [RUN] Closure_46_buggy ...
  [DONE] Closure_46_buggy -> 459 bugs found
  [RUN] Closure_47_buggy ...
  [DONE] Closure_47_buggy -> 457 bugs found
  [RUN] Closure_48_buggy ...
  [DONE] Closure_48_buggy -> 455 bugs found
  [RUN] Closure_49_buggy ...
  [DONE] Closure_49_buggy -> 478 bugs found
  [RUN] Closure_50_buggy ...
  [DONE] Closure_50_buggy -> 477 bugs found
  [RUN] Closure_51_buggy ...
  [DONE] Closure_51_buggy -> 473 bugs found
  [RUN] Closure_52_buggy ...
  [DONE] Closure_52_buggy -> 472 bugs found
  [RUN] Closure_53_buggy ...
  [DONE] Closure_53_buggy -> 467 bugs found
  [RUN] Closure_54_buggy ...
  [DONE] Closure_54_buggy -> 466 bugs found
  [RUN] Closure_55_buggy ...
  [DONE] Closure_55_buggy -> 465 bugs found
  [RUN] Closure_56_buggy ...
  [DONE] Closure_56_buggy -> 459 bugs found
  [RUN] Closure_57_buggy ...
  [DONE] Closure_57_buggy -> 457 bugs found
  [RUN] Closure_58_buggy ...
  [DONE] Closure_58_buggy -> 457 bugs found
  [RUN] Closure_59_buggy ...
  [DONE] Closure_59_buggy -> 450 bugs found
  [RUN] Closure_60_buggy ...
  [DONE] Closure_60_buggy -> 422 bugs found
  [RUN] Closure_61_buggy ...
  [DONE] Closure_61_buggy -> 417 bugs found
  [RUN] Closure_62_buggy ...
  [DONE] Closure_62_buggy -> 417 bugs found
  [WARNING] Project folder not found: Closure_63_buggy
  [RUN] Closure_64_buggy ...
  [DONE] Closure_64_buggy -> 409 bugs found
  [RUN] Closure_65_buggy ...
  [DONE] Closure_65_buggy -> 410 bugs found
  [RUN] Closure_66_buggy ...
  [DONE] Closure_66_buggy -> 410 bugs found
  [RUN] Closure_67_buggy ...
  [DONE] Closure_67_buggy -> 410 bugs found
  [RUN] Closure_68_buggy ...
  [DONE] Closure_68_buggy -> 410 bugs found
  [RUN] Closure_69_buggy ...
  [DONE] Closure_69_buggy -> 410 bugs found
  [RUN] Closure_70_buggy ...
  [DONE] Closure_70_buggy -> 412 bugs found
  [RUN] Closure_71_buggy ...
  [DONE] Closure_71_buggy -> 411 bugs found
  [RUN] Closure_72_buggy ...
  [DONE] Closure_72_buggy -> 410 bugs found
  [RUN] Closure_73_buggy ...
  [DONE] Closure_73_buggy -> 407 bugs found
  [RUN] Closure_74_buggy ...
  [DONE] Closure_74_buggy -> 406 bugs found
  [RUN] Closure_75_buggy ...
  [DONE] Closure_75_buggy -> 403 bugs found
  [RUN] Closure_76_buggy ...
  [DONE] Closure_76_buggy -> 389 bugs found
  [RUN] Closure_77_buggy ...
  [DONE] Closure_77_buggy -> 389 bugs found
  [RUN] Closure_78_buggy ...
  [DONE] Closure_78_buggy -> 389 bugs found
  [RUN] Closure_79_buggy ...
  [DONE] Closure_79_buggy -> 385 bugs found
  [RUN] Closure_80_buggy ...
  [DONE] Closure_80_buggy -> 384 bugs found
  [RUN] Closure_81_buggy ...
  [DONE] Closure_81_buggy -> 382 bugs found
  [RUN] Closure_82_buggy ...
  [DONE] Closure_82_buggy -> 382 bugs found
  [RUN] Closure_83_buggy ...
  [DONE] Closure_83_buggy -> 380 bugs found
  [RUN] Closure_84_buggy ...
  [DONE] Closure_84_buggy -> 463 bugs found
  [RUN] Closure_85_buggy ...
  [DONE] Closure_85_buggy -> 460 bugs found
  [RUN] Closure_86_buggy ...
  [DONE] Closure_86_buggy -> 457 bugs found
  [RUN] Closure_87_buggy ...
  [DONE] Closure_87_buggy -> 457 bugs found
  [RUN] Closure_88_buggy ...
  [DONE] Closure_88_buggy -> 457 bugs found
  [RUN] Closure_89_buggy ...
  [DONE] Closure_89_buggy -> 455 bugs found
  [RUN] Closure_90_buggy ...
  [DONE] Closure_90_buggy -> 467 bugs found
  [RUN] Closure_91_buggy ...
  [DONE] Closure_91_buggy -> 468 bugs found
  [RUN] Closure_92_buggy ...
  [DONE] Closure_92_buggy -> 468 bugs found
  [WARNING] Project folder not found: Closure_93_buggy
  [RUN] Closure_94_buggy ...
  [DONE] Closure_94_buggy -> 466 bugs found
  [RUN] Closure_95_buggy ...
  [DONE] Closure_95_buggy -> 435 bugs found
  [RUN] Closure_96_buggy ...
  [DONE] Closure_96_buggy -> 437 bugs found
  [RUN] Closure_97_buggy ...
  [DONE] Closure_97_buggy -> 413 bugs found
  [RUN] Closure_98_buggy ...
  [DONE] Closure_98_buggy -> 405 bugs found
  [RUN] Closure_99_buggy ...
  [DONE] Closure_99_buggy -> 405 bugs found
  [RUN] Closure_100_buggy ...
  [DONE] Closure_100_buggy -> 405 bugs found
  [RUN] Closure_101_buggy ...
  [DONE] Closure_101_buggy -> 382 bugs found
  [RUN] Closure_102_buggy ...
  [DONE] Closure_102_buggy -> 382 bugs found
  [RUN] Closure_103_buggy ...
  [DONE] Closure_103_buggy -> 381 bugs found
  [RUN] Closure_104_buggy ...
  [DONE] Closure_104_buggy -> 381 bugs found
  [RUN] Closure_105_buggy ...
  [DONE] Closure_105_buggy -> 379 bugs found
  [RUN] Closure_106_buggy ...
  [DONE] Closure_106_buggy -> 281 bugs found
  [RUN] Closure_107_buggy ...
  [DONE] Closure_107_buggy -> 573 bugs found
  [RUN] Closure_108_buggy ...
  [DONE] Closure_108_buggy -> 573 bugs found
  [RUN] Closure_109_buggy ...
  [DONE] Closure_109_buggy -> 571 bugs found
  [RUN] Closure_110_buggy ...
  [DONE] Closure_110_buggy -> 564 bugs found
  [RUN] Closure_111_buggy ...
  [DONE] Closure_111_buggy -> 555 bugs found
  [RUN] Closure_112_buggy ...
  [DONE] Closure_112_buggy -> 557 bugs found
  [RUN] Closure_113_buggy ...
  [DONE] Closure_113_buggy -> 557 bugs found
  [RUN] Closure_114_buggy ...
  [DONE] Closure_114_buggy -> 557 bugs found
  [RUN] Closure_115_buggy ...
  [DONE] Closure_115_buggy -> 557 bugs found
  [RUN] Closure_116_buggy ...
  [DONE] Closure_116_buggy -> 557 bugs found
  [RUN] Closure_117_buggy ...
  [DONE] Closure_117_buggy -> 554 bugs found
  [RUN] Closure_118_buggy ...
  [DONE] Closure_118_buggy -> 553 bugs found
  [RUN] Closure_119_buggy ...
  [DONE] Closure_119_buggy -> 553 bugs found
  [RUN] Closure_120_buggy ...
  [DONE] Closure_120_buggy -> 560 bugs found
  [RUN] Closure_121_buggy ...
  [DONE] Closure_121_buggy -> 560 bugs found
  [RUN] Closure_122_buggy ...
  [DONE] Closure_122_buggy -> 559 bugs found
  [RUN] Closure_123_buggy ...
  [DONE] Closure_123_buggy -> 557 bugs found
  [RUN] Closure_124_buggy ...
  [DONE] Closure_124_buggy -> 555 bugs found
  [RUN] Closure_125_buggy ...
  [DONE] Closure_125_buggy -> 548 bugs found
  [RUN] Closure_126_buggy ...
  [DONE] Closure_126_buggy -> 546 bugs found
  [RUN] Closure_127_buggy ...
  [DONE] Closure_127_buggy -> 546 bugs found
  [RUN] Closure_128_buggy ...
  [DONE] Closure_128_buggy -> 551 bugs found
  [RUN] Closure_129_buggy ...
  [DONE] Closure_129_buggy -> 551 bugs found
  [RUN] Closure_130_buggy ...
  [DONE] Closure_130_buggy -> 550 bugs found
  [RUN] Closure_131_buggy ...
  [DONE] Closure_131_buggy -> 550 bugs found
  [RUN] Closure_132_buggy ...
  [DONE] Closure_132_buggy -> 548 bugs found
  [RUN] Closure_133_buggy ...
  [DONE] Closure_133_buggy -> 546 bugs found
  [RUN] Closure_134_buggy ...
  [DONE] Closure_134_buggy -> 370 bugs found
  [RUN] Closure_135_buggy ...
  [DONE] Closure_135_buggy -> 378 bugs found
  [RUN] Closure_136_buggy ...
  [DONE] Closure_136_buggy -> 383 bugs found
  [RUN] Closure_137_buggy ...
  [DONE] Closure_137_buggy -> 383 bugs found
  [RUN] Closure_138_buggy ...
  [DONE] Closure_138_buggy -> 382 bugs found
  [RUN] Closure_139_buggy ...
  [DONE] Closure_139_buggy -> 382 bugs found
  [RUN] Closure_140_buggy ...
  [DONE] Closure_140_buggy -> 382 bugs found
  [RUN] Closure_141_buggy ...
  [DONE] Closure_141_buggy -> 382 bugs found
  [RUN] Closure_142_buggy ...
  [DONE] Closure_142_buggy -> 387 bugs found
  [RUN] Closure_143_buggy ...
  [DONE] Closure_143_buggy -> 387 bugs found
  [RUN] Closure_144_buggy ...
  [DONE] Closure_144_buggy -> 407 bugs found
  [RUN] Closure_145_buggy ...
  [DONE] Closure_145_buggy -> 407 bugs found
  [RUN] Closure_146_buggy ...
  [DONE] Closure_146_buggy -> 410 bugs found
  [RUN] Closure_147_buggy ...
  [DONE] Closure_147_buggy -> 412 bugs found
  [RUN] Closure_148_buggy ...
  [DONE] Closure_148_buggy -> 412 bugs found
  [RUN] Closure_149_buggy ...
  [DONE] Closure_149_buggy -> 420 bugs found
  [RUN] Closure_150_buggy ...
  [DONE] Closure_150_buggy -> 436 bugs found
  [RUN] Closure_151_buggy ...
  [DONE] Closure_151_buggy -> 435 bugs found
  [RUN] Closure_152_buggy ...
  [DONE] Closure_152_buggy -> 467 bugs found
  [RUN] Closure_153_buggy ...
  [DONE] Closure_153_buggy -> 456 bugs found
  [RUN] Closure_154_buggy ...
  [DONE] Closure_154_buggy -> 384 bugs found
  [RUN] Closure_155_buggy ...
  [DONE] Closure_155_buggy -> 400 bugs found
  [RUN] Closure_156_buggy ...
  [DONE] Closure_156_buggy -> 403 bugs found
  [RUN] Closure_157_buggy ...
  [DONE] Closure_157_buggy -> 403 bugs found
  [RUN] Closure_158_buggy ...
  [DONE] Closure_158_buggy -> 403 bugs found
  [RUN] Closure_159_buggy ...
  [DONE] Closure_159_buggy -> 407 bugs found
  [RUN] Closure_160_buggy ...
  [DONE] Closure_160_buggy -> 410 bugs found
  [RUN] Closure_161_buggy ...
  [DONE] Closure_161_buggy -> 449 bugs found
  [RUN] Closure_162_buggy ...
  [DONE] Closure_162_buggy -> 466 bugs found
  [RUN] Closure_163_buggy ...
  [DONE] Closure_163_buggy -> 454 bugs found
  [RUN] Closure_164_buggy ...
  [DONE] Closure_164_buggy -> 536 bugs found
  [RUN] Closure_165_buggy ...
  [DONE] Closure_165_buggy -> 554 bugs found
  [RUN] Closure_166_buggy ...
  [DONE] Closure_166_buggy -> 560 bugs found
  [RUN] Closure_167_buggy ...
  [DONE] Closure_167_buggy -> 559 bugs found
  [RUN] Closure_168_buggy ...
  [DONE] Closure_168_buggy -> 559 bugs found
  [RUN] Closure_169_buggy ...
  [DONE] Closure_169_buggy -> 565 bugs found
  [RUN] Closure_170_buggy ...
  [DONE] Closure_170_buggy -> 553 bugs found
  [RUN] Closure_171_buggy ...
  [DONE] Closure_171_buggy -> 559 bugs found
  [RUN] Closure_172_buggy ...
  [DONE] Closure_172_buggy -> 559 bugs found
  [RUN] Closure_173_buggy ...
  [DONE] Closure_173_buggy -> 553 bugs found
  [RUN] Closure_174_buggy ...
  [DONE] Closure_174_buggy -> 557 bugs found

  --- Summary: Closure ---
  Processed : 172
  Skipped   : 0
  Warnings  : 2
  Total bugs: 83096

############################################
  START: Lang (1 - 61)
############################################
  [RUN] Lang_1_buggy ...
  [DONE] Lang_1_buggy -> 79 bugs found
  [WARNING] Project folder not found: Lang_2_buggy
  [RUN] Lang_3_buggy ...
  [DONE] Lang_3_buggy -> 80 bugs found
  [RUN] Lang_4_buggy ...
  [DONE] Lang_4_buggy -> 80 bugs found
  [RUN] Lang_5_buggy ...
  [DONE] Lang_5_buggy -> 80 bugs found
  [RUN] Lang_6_buggy ...
  [DONE] Lang_6_buggy -> 80 bugs found
  [RUN] Lang_7_buggy ...
  [DONE] Lang_7_buggy -> 79 bugs found
  [RUN] Lang_8_buggy ...
  [DONE] Lang_8_buggy -> 79 bugs found
  [RUN] Lang_9_buggy ...
  [DONE] Lang_9_buggy -> 78 bugs found
  [RUN] Lang_10_buggy ...
  [DONE] Lang_10_buggy -> 78 bugs found
  [RUN] Lang_11_buggy ...
  [DONE] Lang_11_buggy -> 78 bugs found
  [RUN] Lang_12_buggy ...
  [DONE] Lang_12_buggy -> 78 bugs found
  [RUN] Lang_13_buggy ...
  [DONE] Lang_13_buggy -> 78 bugs found
  [RUN] Lang_14_buggy ...
  [DONE] Lang_14_buggy -> 72 bugs found
  [RUN] Lang_15_buggy ...
  [DONE] Lang_15_buggy -> 69 bugs found
  [RUN] Lang_16_buggy ...
  [DONE] Lang_16_buggy -> 79 bugs found
  [RUN] Lang_17_buggy ...
  [DONE] Lang_17_buggy -> 74 bugs found
  [WARNING] Project folder not found: Lang_18_buggy
  [RUN] Lang_19_buggy ...
  [DONE] Lang_19_buggy -> 74 bugs found
  [RUN] Lang_20_buggy ...
  [DONE] Lang_20_buggy -> 74 bugs found
  [RUN] Lang_21_buggy ...
  [DONE] Lang_21_buggy -> 73 bugs found
  [RUN] Lang_22_buggy ...
  [DONE] Lang_22_buggy -> 75 bugs found
  [RUN] Lang_23_buggy ...
  [DONE] Lang_23_buggy -> 75 bugs found
  [RUN] Lang_24_buggy ...
  [DONE] Lang_24_buggy -> 75 bugs found
  [WARNING] Project folder not found: Lang_25_buggy
  [RUN] Lang_26_buggy ...
  [DONE] Lang_26_buggy -> 74 bugs found
  [RUN] Lang_27_buggy ...
  [DONE] Lang_27_buggy -> 72 bugs found
  [RUN] Lang_28_buggy ...
  [DONE] Lang_28_buggy -> 72 bugs found
  [RUN] Lang_29_buggy ...
  [DONE] Lang_29_buggy -> 72 bugs found
  [RUN] Lang_30_buggy ...
  [DONE] Lang_30_buggy -> 72 bugs found
  [RUN] Lang_31_buggy ...
  [DONE] Lang_31_buggy -> 72 bugs found
  [RUN] Lang_32_buggy ...
  [DONE] Lang_32_buggy -> 73 bugs found
  [RUN] Lang_33_buggy ...
  [DONE] Lang_33_buggy -> 73 bugs found
  [RUN] Lang_34_buggy ...
  [DONE] Lang_34_buggy -> 73 bugs found
  [RUN] Lang_35_buggy ...
  [DONE] Lang_35_buggy -> 73 bugs found
  [RUN] Lang_36_buggy ...
  [DONE] Lang_36_buggy -> 72 bugs found
  [RUN] Lang_37_buggy ...
  [DONE] Lang_37_buggy -> 73 bugs found
  [RUN] Lang_38_buggy ...
  [DONE] Lang_38_buggy -> 73 bugs found
  [RUN] Lang_39_buggy ...
  [DONE] Lang_39_buggy -> 73 bugs found
  [RUN] Lang_40_buggy ...
  [DONE] Lang_40_buggy -> 68 bugs found
  [RUN] Lang_41_buggy ...
  [DONE] Lang_41_buggy -> 68 bugs found
  [RUN] Lang_42_buggy ...
  [DONE] Lang_42_buggy -> 118 bugs found
  [RUN] Lang_43_buggy ...
  [DONE] Lang_43_buggy -> 118 bugs found
  [RUN] Lang_44_buggy ...
  [DONE] Lang_44_buggy -> 118 bugs found
  [RUN] Lang_45_buggy ...
  [DONE] Lang_45_buggy -> 120 bugs found
  [RUN] Lang_46_buggy ...
  [DONE] Lang_46_buggy -> 118 bugs found
  [RUN] Lang_47_buggy ...
  [DONE] Lang_47_buggy -> 118 bugs found
  [WARNING] Project folder not found: Lang_48_buggy
  [RUN] Lang_49_buggy ...
  [DONE] Lang_49_buggy -> 116 bugs found
  [RUN] Lang_50_buggy ...
  [DONE] Lang_50_buggy -> 116 bugs found
  [RUN] Lang_51_buggy ...
  [DONE] Lang_51_buggy -> 110 bugs found
  [RUN] Lang_52_buggy ...
  [DONE] Lang_52_buggy -> 110 bugs found
  [RUN] Lang_53_buggy ...
  [DONE] Lang_53_buggy -> 109 bugs found
  [RUN] Lang_54_buggy ...
  [DONE] Lang_54_buggy -> 109 bugs found
  [RUN] Lang_55_buggy ...
  [DONE] Lang_55_buggy -> 109 bugs found
  [RUN] Lang_56_buggy ...
  [DONE] Lang_56_buggy -> 110 bugs found
  [RUN] Lang_57_buggy ...
  [DONE] Lang_57_buggy -> 110 bugs found
  [RUN] Lang_58_buggy ...
  [DONE] Lang_58_buggy -> 111 bugs found
  [RUN] Lang_59_buggy ...
  [DONE] Lang_59_buggy -> 111 bugs found
  [RUN] Lang_60_buggy ...
  [DONE] Lang_60_buggy -> 111 bugs found
  [RUN] Lang_61_buggy ...
  [DONE] Lang_61_buggy -> 111 bugs found

  --- Summary: Lang ---
  Processed : 57
  Skipped   : 0
  Warnings  : 4
  Total bugs: 4993

############################################
  START: Math (1 - 106)
############################################
  [RUN] Math_1_buggy ...
  [DONE] Math_1_buggy -> 644 bugs found
  [RUN] Math_2_buggy ...
  [DONE] Math_2_buggy -> 645 bugs found
  [RUN] Math_3_buggy ...
  [DONE] Math_3_buggy -> 647 bugs found
  [RUN] Math_4_buggy ...
  [DONE] Math_4_buggy -> 643 bugs found
  [RUN] Math_5_buggy ...
  [DONE] Math_5_buggy -> 625 bugs found
  [RUN] Math_6_buggy ...
  [DONE] Math_6_buggy -> 620 bugs found
  [RUN] Math_7_buggy ...
  [DONE] Math_7_buggy -> 620 bugs found
  [RUN] Math_8_buggy ...
  [DONE] Math_8_buggy -> 609 bugs found
  [RUN] Math_9_buggy ...
  [DONE] Math_9_buggy -> 602 bugs found
  [RUN] Math_10_buggy ...
  [DONE] Math_10_buggy -> 582 bugs found
  [RUN] Math_11_buggy ...
  [DONE] Math_11_buggy -> 579 bugs found
  [RUN] Math_12_buggy ...
  [DONE] Math_12_buggy -> 580 bugs found
  [RUN] Math_13_buggy ...
  [DONE] Math_13_buggy -> 580 bugs found
  [RUN] Math_14_buggy ...
  [DONE] Math_14_buggy -> 581 bugs found
  [RUN] Math_15_buggy ...
  [DONE] Math_15_buggy -> 526 bugs found
  [RUN] Math_16_buggy ...
  [DONE] Math_16_buggy -> 526 bugs found
  [RUN] Math_17_buggy ...
  [DONE] Math_17_buggy -> 509 bugs found
  [RUN] Math_18_buggy ...
  [DONE] Math_18_buggy -> 507 bugs found
  [RUN] Math_19_buggy ...
  [DONE] Math_19_buggy -> 506 bugs found
  [RUN] Math_20_buggy ...
  [DONE] Math_20_buggy -> 506 bugs found
  [RUN] Math_21_buggy ...
  [DONE] Math_21_buggy -> 498 bugs found
  [RUN] Math_22_buggy ...
  [DONE] Math_22_buggy -> 499 bugs found
  [RUN] Math_23_buggy ...
  [DONE] Math_23_buggy -> 499 bugs found
  [RUN] Math_24_buggy ...
  [DONE] Math_24_buggy -> 494 bugs found
  [RUN] Math_25_buggy ...
  [DONE] Math_25_buggy -> 484 bugs found
  [RUN] Math_26_buggy ...
  [DONE] Math_26_buggy -> 481 bugs found
  [RUN] Math_27_buggy ...
  [DONE] Math_27_buggy -> 481 bugs found
  [RUN] Math_28_buggy ...
  [DONE] Math_28_buggy -> 481 bugs found
  [RUN] Math_29_buggy ...
  [DONE] Math_29_buggy -> 464 bugs found
  [RUN] Math_30_buggy ...
  [DONE] Math_30_buggy -> 464 bugs found
  [RUN] Math_31_buggy ...
  [DONE] Math_31_buggy -> 464 bugs found
  [RUN] Math_32_buggy ...
  [DONE] Math_32_buggy -> 464 bugs found
  [RUN] Math_33_buggy ...
  [DONE] Math_33_buggy -> 458 bugs found
  [RUN] Math_34_buggy ...
  [DONE] Math_34_buggy -> 458 bugs found
  [RUN] Math_35_buggy ...
  [DONE] Math_35_buggy -> 459 bugs found
  [RUN] Math_36_buggy ...
  [DONE] Math_36_buggy -> 474 bugs found
  [RUN] Math_37_buggy ...
  [DONE] Math_37_buggy -> 469 bugs found
  [RUN] Math_38_buggy ...
  [DONE] Math_38_buggy -> 464 bugs found
  [RUN] Math_39_buggy ...
  [DONE] Math_39_buggy -> 464 bugs found
  [RUN] Math_40_buggy ...
  [DONE] Math_40_buggy -> 464 bugs found
  [RUN] Math_41_buggy ...
  [DONE] Math_41_buggy -> 464 bugs found
  [RUN] Math_42_buggy ...
  [DONE] Math_42_buggy -> 464 bugs found
  [RUN] Math_43_buggy ...
  [DONE] Math_43_buggy -> 461 bugs found
  [RUN] Math_44_buggy ...
  [DONE] Math_44_buggy -> 454 bugs found
  [RUN] Math_45_buggy ...
  [DONE] Math_45_buggy -> 452 bugs found
  [RUN] Math_46_buggy ...
  [DONE] Math_46_buggy -> 437 bugs found
  [RUN] Math_47_buggy ...
  [DONE] Math_47_buggy -> 437 bugs found
  [RUN] Math_48_buggy ...
  [DONE] Math_48_buggy -> 437 bugs found
  [RUN] Math_49_buggy ...
  [DONE] Math_49_buggy -> 421 bugs found
  [RUN] Math_50_buggy ...
  [DONE] Math_50_buggy -> 421 bugs found
  [RUN] Math_51_buggy ...
  [DONE] Math_51_buggy -> 421 bugs found
  [RUN] Math_52_buggy ...
  [DONE] Math_52_buggy -> 422 bugs found
  [RUN] Math_53_buggy ...
  [DONE] Math_53_buggy -> 408 bugs found
  [RUN] Math_54_buggy ...
  [DONE] Math_54_buggy -> 322 bugs found
  [RUN] Math_55_buggy ...
  [DONE] Math_55_buggy -> 320 bugs found
  [RUN] Math_56_buggy ...
  [DONE] Math_56_buggy -> 320 bugs found
  [RUN] Math_57_buggy ...
  [DONE] Math_57_buggy -> 323 bugs found
  [RUN] Math_58_buggy ...
  [DONE] Math_58_buggy -> 321 bugs found
  [RUN] Math_59_buggy ...
  [DONE] Math_59_buggy -> 313 bugs found
  [RUN] Math_60_buggy ...
  [DONE] Math_60_buggy -> 308 bugs found
  [RUN] Math_61_buggy ...
  [DONE] Math_61_buggy -> 330 bugs found
  [RUN] Math_62_buggy ...
  [DONE] Math_62_buggy -> 333 bugs found
  [RUN] Math_63_buggy ...
  [DONE] Math_63_buggy -> 319 bugs found
  [RUN] Math_64_buggy ...
  [DONE] Math_64_buggy -> 318 bugs found
  [RUN] Math_65_buggy ...
  [DONE] Math_65_buggy -> 317 bugs found
  [RUN] Math_66_buggy ...
  [DONE] Math_66_buggy -> 312 bugs found
  [RUN] Math_67_buggy ...
  [DONE] Math_67_buggy -> 306 bugs found
  [RUN] Math_68_buggy ...
  [DONE] Math_68_buggy -> 303 bugs found
  [RUN] Math_69_buggy ...
  [DONE] Math_69_buggy -> 303 bugs found
  [RUN] Math_70_buggy ...
  [DONE] Math_70_buggy -> 303 bugs found
  [RUN] Math_71_buggy ...
  [DONE] Math_71_buggy -> 302 bugs found
  [RUN] Math_72_buggy ...
  [DONE] Math_72_buggy -> 293 bugs found
  [RUN] Math_73_buggy ...
  [DONE] Math_73_buggy -> 293 bugs found
  [RUN] Math_74_buggy ...
  [DONE] Math_74_buggy -> 293 bugs found
  [RUN] Math_75_buggy ...
  [DONE] Math_75_buggy -> 294 bugs found
  [RUN] Math_76_buggy ...
  [DONE] Math_76_buggy -> 294 bugs found
  [RUN] Math_77_buggy ...
  [DONE] Math_77_buggy -> 293 bugs found
  [RUN] Math_78_buggy ...
  [DONE] Math_78_buggy -> 288 bugs found
  [RUN] Math_79_buggy ...
  [DONE] Math_79_buggy -> 288 bugs found
  [RUN] Math_80_buggy ...
  [DONE] Math_80_buggy -> 288 bugs found
  [RUN] Math_81_buggy ...
  [DONE] Math_81_buggy -> 288 bugs found
  [RUN] Math_82_buggy ...
  [DONE] Math_82_buggy -> 284 bugs found
  [RUN] Math_83_buggy ...
  [DONE] Math_83_buggy -> 284 bugs found
  [RUN] Math_84_buggy ...
  [DONE] Math_84_buggy -> 284 bugs found
  [RUN] Math_85_buggy ...
  [DONE] Math_85_buggy -> 286 bugs found
  [RUN] Math_86_buggy ...
  [DONE] Math_86_buggy -> 270 bugs found
  [RUN] Math_87_buggy ...
  [DONE] Math_87_buggy -> 270 bugs found
  [RUN] Math_88_buggy ...
  [DONE] Math_88_buggy -> 270 bugs found
  [RUN] Math_89_buggy ...
  [DONE] Math_89_buggy -> 213 bugs found
  [RUN] Math_90_buggy ...
  [DONE] Math_90_buggy -> 213 bugs found
  [RUN] Math_91_buggy ...
  [DONE] Math_91_buggy -> 214 bugs found
  [RUN] Math_92_buggy ...
  [DONE] Math_92_buggy -> 172 bugs found
  [RUN] Math_93_buggy ...
  [DONE] Math_93_buggy -> 171 bugs found
  [RUN] Math_94_buggy ...
  [DONE] Math_94_buggy -> 176 bugs found
  [RUN] Math_95_buggy ...
  [DONE] Math_95_buggy -> 147 bugs found
  [RUN] Math_96_buggy ...
  [DONE] Math_96_buggy -> 146 bugs found
  [RUN] Math_97_buggy ...
  [DONE] Math_97_buggy -> 127 bugs found
  [RUN] Math_98_buggy ...
  [DONE] Math_98_buggy -> 126 bugs found
  [RUN] Math_99_buggy ...
  [DONE] Math_99_buggy -> 185 bugs found
  [RUN] Math_100_buggy ...
  [DONE] Math_100_buggy -> 155 bugs found
  [RUN] Math_101_buggy ...
  [DONE] Math_101_buggy -> 154 bugs found
  [RUN] Math_102_buggy ...
  [DONE] Math_102_buggy -> 153 bugs found
  [RUN] Math_103_buggy ...
  [DONE] Math_103_buggy -> 137 bugs found
  [RUN] Math_104_buggy ...
  [DONE] Math_104_buggy -> 137 bugs found
  [RUN] Math_105_buggy ...
  [DONE] Math_105_buggy -> 109 bugs found
  [RUN] Math_106_buggy ...
  [DONE] Math_106_buggy -> 108 bugs found

  --- Summary: Math ---
  Processed : 106
  Skipped   : 0
  Warnings  : 0
  Total bugs: 40195

############################################
  START: Time (1 - 26)
############################################
  [RUN] Time_1_buggy ...
  [DONE] Time_1_buggy -> 183 bugs found
  [RUN] Time_2_buggy ...
  [DONE] Time_2_buggy -> 183 bugs found
  [RUN] Time_3_buggy ...
  [DONE] Time_3_buggy -> 183 bugs found
  [RUN] Time_4_buggy ...
  [DONE] Time_4_buggy -> 183 bugs found
  [RUN] Time_5_buggy ...
  [DONE] Time_5_buggy -> 173 bugs found
  [RUN] Time_6_buggy ...
  [DONE] Time_6_buggy -> 174 bugs found
  [RUN] Time_7_buggy ...
  [DONE] Time_7_buggy -> 174 bugs found
  [RUN] Time_8_buggy ...
  [DONE] Time_8_buggy -> 174 bugs found
  [RUN] Time_9_buggy ...
  [DONE] Time_9_buggy -> 174 bugs found
  [RUN] Time_10_buggy ...
  [DONE] Time_10_buggy -> 174 bugs found
  [RUN] Time_11_buggy ...
  [DONE] Time_11_buggy -> 175 bugs found
  [RUN] Time_12_buggy ...
  [DONE] Time_12_buggy -> 175 bugs found
  [RUN] Time_13_buggy ...
  [DONE] Time_13_buggy -> 175 bugs found
  [RUN] Time_14_buggy ...
  [DONE] Time_14_buggy -> 174 bugs found
  [RUN] Time_15_buggy ...
  [DONE] Time_15_buggy -> 174 bugs found
  [RUN] Time_16_buggy ...
  [DONE] Time_16_buggy -> 174 bugs found
  [RUN] Time_17_buggy ...
  [DONE] Time_17_buggy -> 174 bugs found
  [RUN] Time_18_buggy ...
  [DONE] Time_18_buggy -> 173 bugs found
  [RUN] Time_19_buggy ...
  [DONE] Time_19_buggy -> 173 bugs found
  [RUN] Time_20_buggy ...
  [DONE] Time_20_buggy -> 173 bugs found
  [WARNING] Project folder not found: Time_21_buggy
  [RUN] Time_22_buggy ...
  [DONE] Time_22_buggy -> 186 bugs found
  [RUN] Time_23_buggy ...
  [DONE] Time_23_buggy -> 186 bugs found
  [RUN] Time_24_buggy ...
  [DONE] Time_24_buggy -> 186 bugs found
  [RUN] Time_25_buggy ...
  [DONE] Time_25_buggy -> 186 bugs found
  [RUN] Time_26_buggy ...
  [DONE] Time_26_buggy -> 186 bugs found

  --- Summary: Time ---
  Processed : 25
  Skipped   : 0
  Warnings  : 1
  Total bugs: 4445

============================================
  COMPLETED - Overall Summary
============================================
  Total processed : 386 projects
  Total skipped   : 0 projects
  Total warnings  : 7 projects
  Total bugs      : 157393 bugs
  Total XML files : 386 files
============================================
